✓ Using optimized Rust DMPF library
================================================================================
EP-MPD Protocol with DMPF (Distributed Multi-Point Functions)
================================================================================

Configuration:
  - Clients: 15
  - Elements per client: 32768
  - Duplication percentage: 30.0%
  - Random seed: 42

Total data points (with duplicates): 491685
Unique data points (expected): 417870

--------------------------------------------------------------------------------
Running TYPE2_DMPF (DMPF-based protocol)...
--------------------------------------------------------------------------------

DMPF Protocol Results:
  - Total time: 42.7952 seconds
  - Deduplicated elements: 417870


Setup time: 6.86448

Client: 0, Client Setup Time: 0.02089091599918902

Client: 1, Client Setup Time: 0.020351083992864005

Client: 2, Client Setup Time: 0.014769166999030858

Client: 3, Client Setup Time: 0.013664833008078858

Client: 4, Client Setup Time: 0.013709833001485094

Client: 5, Client Setup Time: 0.015315458018449135

Client: 6, Client Setup Time: 0.015710916995885782

Client: 7, Client Setup Time: 0.01440833399828989

Client: 8, Client Setup Time: 0.014677790997666307

Client: 9, Client Setup Time: 0.016905875003430992

Client: 10, Client Setup Time: 0.015081750010722317

Client: 11, Client Setup Time: 0.023258250002982095

Client: 12, Client Setup Time: 0.018044083000859246

Client: 13, Client Setup Time: 0.01508725099847652

Client: 14, Client Setup Time: 0.014352624988532625

Client: 0, TP Setup Time: 0.37300941700232215

Client: 1, TP Setup Time: 0.3936726660031127

Client: 2, TP Setup Time: 0.37300808299914934

Client: 3, TP Setup Time: 0.38003695900260936

Client: 4, TP Setup Time: 0.38131366700690705

Client: 5, TP Setup Time: 0.5171935839898651

Client: 6, TP Setup Time: 0.4712197500048205

Client: 7, TP Setup Time: 0.42653349999454804

Client: 8, TP Setup Time: 0.44738583400612697

Client: 9, TP Setup Time: 0.4695321659964975

Client: 10, TP Setup Time: 0.5496057919954183

Client: 11, TP Setup Time: 0.467393875005655

Client: 12, TP Setup Time: 0.44143725000321865

Client: 13, TP Setup Time: 0.4310975830012467

Client: 14, TP Setup Time: 0.4958113750035409


Current Level:  3

Client: 2
Send Times:  [0.0]

Client: 2, Client Send Time: 4.0000013541430235e-06

Client: 4
Send Times:  [0.0]

Client: 4, Client Send Time: 2.5840126909315586e-06

Client: 6
Send Times:  [1e-05]

Client: 6, Client Send Time: 5.833004252053797e-06

Client: 8
Send Times:  [1e-05]

Client: 8, Client Send Time: 6.7920045694336295e-06

Client: 10
Send Times:  [1e-05]

Client: 10, Client Send Time: 5.541995051316917e-06

Client: 12
Send Times:  [1e-05]

Client: 12, Client Send Time: 7.208989700302482e-06

Client: 14
Send Times:  [0.0]

Client: 14, Client Send Time: 1.6659905668348074e-06

Client: 1
Receive Times:  [2e-05]

Client: 1, Client Receive Time: 1.8291000742465258e-05

Client: 3
Receive Times:  [0.0]

Client: 3, Client Receive Time: 3.4170079743489623e-06

Client: 5
Receive Times:  [0.0]

Client: 5, Client Receive Time: 2.7080095605924726e-06

Client: 7
Receive Times:  [1e-05]

Client: 7, Client Receive Time: 9.082999895326793e-06

Client: 9
Receive Times:  [0.0]

Client: 9, Client Receive Time: 3.416993422433734e-06

Client: 11
Receive Times:  [1e-05]

Client: 11, Client Receive Time: 6.874994141981006e-06

Client: 13
Receive Times:  [0.0]

Client: 13, Client Receive Time: 4.792003892362118e-06

Send Time of Group 1: 1e-05

Receive Time of Group 0: 2e-05

Client: 1, Client Deduplicate Time: 0.29757

Client: 3, Client Deduplicate Time: 0.44055

Client: 5, Client Deduplicate Time: 0.37293

Client: 7, Client Deduplicate Time: 1.25051

Client: 9, Client Deduplicate Time: 0.23709

Client: 11, Client Deduplicate Time: 0.38593

Client: 13, Client Deduplicate Time: 0.31978


Current Level:  2

Client: 1
Send Times:  [0.0]

Client: 1, Client Send Time: 1.7499987734481692e-06

Client: 2
Send Times:  [0.0]

Client: 2, Client Send Time: 2.910092007368803e-07

Client: 5
Send Times:  [1e-05, 0.0]

Client: 5, Client Send Time: 5.457986844703555e-06

Client: 6
Send Times:  [0.0, 0.0]

Client: 6, Client Send Time: 2.500019036233425e-07

Client: 9
Send Times:  [1e-05, 0.0]

Client: 9, Client Send Time: 5.790992872789502e-06

Client: 10
Send Times:  [0.0, 0.0]

Client: 10, Client Send Time: 7.919879863038659e-07

Client: 13
Send Times:  [0.0, 0.0]

Client: 13, Client Send Time: 3.875000402331352e-06

Client: 14
Send Times:  [0.0, 0.0]

Client: 14, Client Send Time: 2.9199873097240925e-07

Client: 0
Receive Times:  [1e-05, 0.0]

Client: 0, Client Receive Time: 6.665999535471201e-06

Client: 3
Receive Times:  [1e-05, 0.0]

Client: 3, Client Receive Time: 8.249990059994161e-06

Client: 4
Receive Times:  [1e-05, 0.0]

Client: 4, Client Receive Time: 5.166992195881903e-06

Client: 7
Receive Times:  [0.0, 0.0]

Client: 7, Client Receive Time: 3.7080026231706142e-06

Client: 8
Receive Times:  [0.0, 0.0]

Client: 8, Client Receive Time: 3.3299147617071867e-07

Client: 11
Receive Times:  [0.0, 0.0]

Client: 11, Client Receive Time: 4.62500611320138e-06

Client: 12
Receive Times:  [0.0, 0.0]

Client: 12, Client Receive Time: 2.500019036233425e-07

Send Time of Group 1: 1e-05

Receive Time of Group 0: 1e-05

Client: 0, Client Deduplicate Time: 0.50523

Client: 3, Client Deduplicate Time: 1.60555

Client: 4, Client Deduplicate Time: 0.59184

Client: 7, Client Deduplicate Time: 0.6786

Client: 8, Client Deduplicate Time: 0.26223

Client: 11, Client Deduplicate Time: 0.79299

Client: 12, Client Deduplicate Time: 0.34079


Current Level:  1

Client: 3
Send Times:  [0.0, 0.0, 0.0]

Client: 3, Client Send Time: 4.458008334040642e-06

Client: 4
Send Times:  [1e-05, 0.0, 0.0]

Client: 4, Client Send Time: 5.583002348430455e-06

Client: 5
Send Times:  [0.0, 0.0, 0.0]

Client: 5, Client Send Time: 2.0800507627427578e-07

Client: 6
Send Times:  [0.0, 0.0, 0.0]

Client: 6, Client Send Time: 1.66997779160738e-07

Client: 11
Send Times:  [1e-05, 0.0, 0.0, 0.0]

Client: 11, Client Send Time: 5.166992195881903e-06

Client: 12
Send Times:  [1e-05, 0.0, 0.0, 0.0]

Client: 12, Client Send Time: 5.916997906751931e-06

Client: 13
Send Times:  [0.0, 0.0, 0.0, 0.0]

Client: 13, Client Send Time: 2.0800507627427578e-07

Client: 14
Send Times:  [0.0, 0.0, 0.0, 0.0]

Client: 14, Client Send Time: 2.0899460650980473e-07

Client: 0
Receive Times:  [1e-05, 0.0, 0.0, 0.0]

Client: 0, Client Receive Time: 1.1583993909880519e-05

Client: 1
Receive Times:  [0.0, 0.0, 0.0, 0.0]

Client: 1, Client Receive Time: 4.169996827840805e-07

Client: 2
Receive Times:  [0.0, 0.0, 0.0, 0.0]

Client: 2, Client Receive Time: 2.500019036233425e-07

Client: 7
Receive Times:  [3e-05, 0.0, 0.0, 0.0]

Client: 7, Client Receive Time: 3.1042000045999885e-05

Client: 8
Receive Times:  [0.0, 0.0, 0.0, 0.0]

Client: 8, Client Receive Time: 3.3300602808594704e-07

Client: 9
Receive Times:  [0.0, 0.0, 0.0, 0.0]

Client: 9, Client Receive Time: 4.5799242798238993e-07

Client: 10
Receive Times:  [0.0, 0.0, 0.0, 0.0]

Client: 10, Client Receive Time: 2.500019036233425e-07

Send Time of Group 1: 1e-05

Receive Time of Group 0: 3e-05

Client: 0, Client Deduplicate Time: 3.55425

Client: 1, Client Deduplicate Time: 1.39155

Client: 2, Client Deduplicate Time: 1.57913

Client: 7, Client Deduplicate Time: 1.62567

Client: 8, Client Deduplicate Time: 1.00126

Client: 9, Client Deduplicate Time: 0.55973

Client: 10, Client Deduplicate Time: 0.68237


Current Level:  0

Client: 7
Send Times:  [0.0, 0.0, 0.0, 0.0, 0.0, 0.0, 0.0]

Client: 7, Client Send Time: 4.540997906588018e-06

Client: 8
Send Times:  [0.0, 0.0, 0.0, 0.0, 0.0, 0.0, 0.0]

Client: 8, Client Send Time: 4.792003892362118e-06

Client: 9
Send Times:  [0.0, 0.0, 0.0, 0.0, 0.0, 0.0, 0.0]

Client: 9, Client Send Time: 3.04199056699872e-06

Client: 10
Send Times:  [0.0, 0.0, 0.0, 0.0, 0.0, 0.0, 0.0]

Client: 10, Client Send Time: 3.749999450519681e-06

Client: 11
Send Times:  [0.0, 0.0, 0.0, 0.0, 0.0, 0.0, 0.0]

Client: 11, Client Send Time: 1.66997779160738e-07

Client: 12
Send Times:  [0.0, 0.0, 0.0, 0.0, 0.0, 0.0, 0.0]

Client: 12, Client Send Time: 1.66997779160738e-07

Client: 13
Send Times:  [0.0, 0.0, 0.0, 0.0, 0.0, 0.0, 0.0]

Client: 13, Client Send Time: 1.6701233107596636e-07

Client: 14
Send Times:  [0.0, 0.0, 0.0, 0.0, 0.0, 0.0, 0.0]

Client: 14, Client Send Time: 1.6701233107596636e-07

Client: 0
Receive Times:  [1e-05, 0.0, 0.0, 0.0, 0.0, 0.0, 0.0, 0.0]

Client: 0, Client Receive Time: 6.040994776412845e-06

Client: 1
Receive Times:  [0.0, 0.0, 0.0, 0.0, 0.0, 0.0, 0.0, 0.0]

Client: 1, Client Receive Time: 2.500019036233425e-07

Client: 2
Receive Times:  [0.0, 0.0, 0.0, 0.0, 0.0, 0.0, 0.0, 0.0]

Client: 2, Client Receive Time: 2.3330067051574588e-06

Client: 3
Receive Times:  [0.0, 0.0, 0.0, 0.0, 0.0, 0.0, 0.0, 0.0]

Client: 3, Client Receive Time: 2.500019036233425e-07

Client: 4
Receive Times:  [0.0, 0.0, 0.0, 0.0, 0.0, 0.0, 0.0, 0.0]

Client: 4, Client Receive Time: 4.458008334040642e-06

Client: 5
Receive Times:  [0.0, 0.0, 0.0, 0.0, 0.0, 0.0, 0.0, 0.0]

Client: 5, Client Receive Time: 2.500019036233425e-07

Client: 6
Receive Times:  [0.0, 0.0, 0.0, 0.0, 0.0, 0.0, 0.0, 0.0]

Client: 6, Client Receive Time: 2.500019036233425e-07

Send Time of Group 1: 0.0

Receive Time of Group 0: 1e-05

Client: 0, Client Deduplicate Time: 3.70574

Client: 1, Client Deduplicate Time: 2.62226

Client: 2, Client Deduplicate Time: 2.12367

Client: 3, Client Deduplicate Time: 2.3005

Client: 4, Client Deduplicate Time: 2.20891

Client: 5, Client Deduplicate Time: 2.23981

Client: 6, Client Deduplicate Time: 2.12974


Total time for entire protocol: 16.98062

Wall clock time
Start time:  2025-11-11 13:19:09.291053
End time:  2025-11-11 13:19:52.045934

--------------------------------------------------------------------------------

================================================================================
Summary:
================================================================================
Protocol: TYPE2_DMPF
Total data with duplicates: 491685
Total data without duplicates: 417870
Duplicates removed: 73815
Deduplication rate: 15.01%
================================================================================
