✓ Using optimized Rust DMPF library
================================================================================
EP-MPD Protocol with DMPF (Distributed Multi-Point Functions)
================================================================================

Configuration:
  - Clients: 10
  - Elements per client: 32768
  - Duplication percentage: 90.0%
  - Random seed: 42

Total data points (with duplicates): 327690
Unique data points (expected): 180225

--------------------------------------------------------------------------------
Running TYPE2_DMPF (DMPF-based protocol)...
--------------------------------------------------------------------------------

DMPF Protocol Results:
  - Total time: 11.6181 seconds
  - Deduplicated elements: 180225


Setup time: 4.23031

Client: 0, Client Setup Time: 0.018157999991672114

Client: 1, Client Setup Time: 0.01771912499680184

Client: 2, Client Setup Time: 0.013457749999361113

Client: 3, Client Setup Time: 0.012601124995853752

Client: 4, Client Setup Time: 0.013573582997196354

Client: 5, Client Setup Time: 0.012818667004466988

Client: 6, Client Setup Time: 0.013005624990910292

Client: 7, Client Setup Time: 0.018891332991188392

Client: 8, Client Setup Time: 0.013467251003021374

Client: 9, Client Setup Time: 0.012753874994814396

Client: 0, TP Setup Time: 0.37552837500697933

Client: 1, TP Setup Time: 0.3705500829964876

Client: 2, TP Setup Time: 0.3725855000084266

Client: 3, TP Setup Time: 0.3727645000035409

Client: 4, TP Setup Time: 0.3715546669991454

Client: 5, TP Setup Time: 0.36547079199226573

Client: 6, TP Setup Time: 0.3910816249990603

Client: 7, TP Setup Time: 0.48319104200345464

Client: 8, TP Setup Time: 0.5140261659980752

Client: 9, TP Setup Time: 0.46711137499369215


Current Level:  3

Client: 4
Send Times:  [0.0]

Client: 4, Client Send Time: 1.791995600797236e-06

Client: 9
Send Times:  [1e-05]

Client: 9, Client Send Time: 6.000002031214535e-06

Client: 3
Receive Times:  [1e-05]

Client: 3, Client Receive Time: 5.875001079402864e-06

Client: 8
Receive Times:  [0.0]

Client: 8, Client Receive Time: 1.5410041669383645e-06

Send Time of Group 1: 1e-05

Receive Time of Group 0: 1e-05

Client: 3, Client Deduplicate Time: 0.27351

Client: 8, Client Deduplicate Time: 0.31719


Current Level:  2

Client: 1
Send Times:  [0.0]

Client: 1, Client Send Time: 3.2079988159239292e-06

Client: 3
Send Times:  [1e-05]

Client: 3, Client Send Time: 1.070801226887852e-05

Client: 4
Send Times:  [0.0]

Client: 4, Client Send Time: 2.4998735170811415e-07

Client: 6
Send Times:  [1e-05]

Client: 6, Client Send Time: 5.125009920448065e-06

Client: 8
Send Times:  [0.0]

Client: 8, Client Send Time: 4.707995685748756e-06

Client: 9
Send Times:  [0.0]

Client: 9, Client Send Time: 2.500019036233425e-07

Client: 0
Receive Times:  [1e-05]

Client: 0, Client Receive Time: 1.3208002201281488e-05

Client: 2
Receive Times:  [1e-05, 0.0]

Client: 2, Client Receive Time: 1.2042000889778137e-05

Client: 5
Receive Times:  [0.0]

Client: 5, Client Receive Time: 2.9999937396496534e-06

Client: 7
Receive Times:  [0.0, 0.0]

Client: 7, Client Receive Time: 1.4170072972774506e-06

Send Time of Group 1: 1e-05

Receive Time of Group 0: 1e-05

Client: 0, Client Deduplicate Time: 0.25797

Client: 2, Client Deduplicate Time: 0.40779

Client: 5, Client Deduplicate Time: 0.29678

Client: 7, Client Deduplicate Time: 0.40522


Current Level:  1

Client: 2
Send Times:  [1e-05, 0.0]

Client: 2, Client Send Time: 8.165996405296028e-06

Client: 3
Send Times:  [1e-05, 0.0]

Client: 3, Client Send Time: 6.333008059300482e-06

Client: 4
Send Times:  [0.0, 0.0]

Client: 4, Client Send Time: 1.66997779160738e-07

Client: 7
Send Times:  [0.0, 0.0]

Client: 7, Client Send Time: 2.91600008495152e-06

Client: 8
Send Times:  [0.0, 0.0]

Client: 8, Client Send Time: 2.4998735170811415e-07

Client: 9
Send Times:  [0.0, 0.0]

Client: 9, Client Send Time: 1.66997779160738e-07

Client: 0
Receive Times:  [0.0, 0.0, 0.0]

Client: 0, Client Receive Time: 2.8329959604889154e-06

Client: 1
Receive Times:  [0.0, 0.0, 0.0]

Client: 1, Client Receive Time: 2.9099464882165194e-07

Client: 5
Receive Times:  [0.0, 0.0, 0.0]

Client: 5, Client Receive Time: 9.999930625781417e-07

Client: 6
Receive Times:  [0.0, 0.0, 0.0]

Client: 6, Client Receive Time: 2.500019036233425e-07

Send Time of Group 1: 1e-05

Receive Time of Group 0: 0.0

Client: 0, Client Deduplicate Time: 0.42652

Client: 1, Client Deduplicate Time: 0.32093

Client: 5, Client Deduplicate Time: 0.46244

Client: 6, Client Deduplicate Time: 0.31064


Current Level:  0

Client: 5
Send Times:  [0.0, 0.0, 0.0, 0.0, 0.0]

Client: 5, Client Send Time: 2.666012733243406e-06

Client: 6
Send Times:  [0.0, 0.0, 0.0, 0.0, 0.0]

Client: 6, Client Send Time: 1.2079981388524175e-06

Client: 7
Send Times:  [0.0, 0.0, 0.0, 0.0, 0.0]

Client: 7, Client Send Time: 1.66997779160738e-07

Client: 8
Send Times:  [0.0, 0.0, 0.0, 0.0, 0.0]

Client: 8, Client Send Time: 1.6701233107596636e-07

Client: 9
Send Times:  [0.0, 0.0, 0.0, 0.0, 0.0]

Client: 9, Client Send Time: 1.66997779160738e-07

Client: 0
Receive Times:  [0.0, 0.0, 0.0, 0.0, 0.0]

Client: 0, Client Receive Time: 2.4170003598555923e-06

Client: 1
Receive Times:  [0.0, 0.0, 0.0, 0.0, 0.0]

Client: 1, Client Receive Time: 2.500019036233425e-07

Client: 2
Receive Times:  [1e-05, 0.0, 0.0, 0.0, 0.0]

Client: 2, Client Receive Time: 1.1540993000380695e-05

Client: 3
Receive Times:  [0.0, 0.0, 0.0, 0.0, 0.0]

Client: 3, Client Receive Time: 3.3299147617071867e-07

Client: 4
Receive Times:  [0.0, 0.0, 0.0, 0.0, 0.0]

Client: 4, Client Receive Time: 2.090091584250331e-07

Send Time of Group 1: 0.0

Receive Time of Group 0: 1e-05

Client: 0, Client Deduplicate Time: 0.72386

Client: 1, Client Deduplicate Time: 0.57396

Client: 2, Client Deduplicate Time: 0.87183

Client: 3, Client Deduplicate Time: 0.71095

Client: 4, Client Deduplicate Time: 1.00901


Total time for entire protocol: 6.42679

Wall clock time
Start time:  2025-11-11 14:30:14.502589
End time:  2025-11-11 14:30:26.120585

--------------------------------------------------------------------------------

================================================================================
Summary:
================================================================================
Protocol: TYPE2_DMPF
Total data with duplicates: 327690
Total data without duplicates: 180225
Duplicates removed: 147465
Deduplication rate: 45.00%
================================================================================
