✓ Using optimized Rust DMPF library
================================================================================
EP-MPD Protocol with DMPF (Distributed Multi-Point Functions)
================================================================================

Configuration:
  - Clients: 10
  - Elements per client: 32768
  - Duplication percentage: 10.0%
  - Random seed: 42

Total data points (with duplicates): 327760
Unique data points (expected): 311335

--------------------------------------------------------------------------------
Running TYPE2_DMPF (DMPF-based protocol)...
--------------------------------------------------------------------------------

DMPF Protocol Results:
  - Total time: 13.9944 seconds
  - Deduplicated elements: 311335


Setup time: 4.50698

Client: 0, Client Setup Time: 0.020039208000525832

Client: 1, Client Setup Time: 0.021573207995970733

Client: 2, Client Setup Time: 0.015746749981190078

Client: 3, Client Setup Time: 0.014900958994985558

Client: 4, Client Setup Time: 0.014805126003921032

Client: 5, Client Setup Time: 0.014237499999580905

Client: 6, Client Setup Time: 0.014905999996699393

Client: 7, Client Setup Time: 0.014644875001977198

Client: 8, Client Setup Time: 0.015067667001858354

Client: 9, Client Setup Time: 0.013801416018395685

Client: 0, TP Setup Time: 0.43830275000073016

Client: 1, TP Setup Time: 0.43032570800278336

Client: 2, TP Setup Time: 0.4121716250083409

Client: 3, TP Setup Time: 0.41858029100694694

Client: 4, TP Setup Time: 0.42763233299774583

Client: 5, TP Setup Time: 0.44428825000068173

Client: 6, TP Setup Time: 0.44037941700662486

Client: 7, TP Setup Time: 0.4348098330083303

Client: 8, TP Setup Time: 0.45924795800237916

Client: 9, TP Setup Time: 0.441518041989184


Current Level:  3

Client: 4
Send Times:  [0.0]

Client: 4, Client Send Time: 8.329952834174037e-07

Client: 9
Send Times:  [0.0]

Client: 9, Client Send Time: 3.374996595084667e-06

Client: 3
Receive Times:  [0.0]

Client: 3, Client Receive Time: 3.0840019462630153e-06

Client: 8
Receive Times:  [0.0]

Client: 8, Client Receive Time: 1.9160070223733783e-06

Send Time of Group 1: 0.0

Receive Time of Group 0: 0.0

Client: 3, Client Deduplicate Time: 0.30579

Client: 8, Client Deduplicate Time: 0.29165


Current Level:  2

Client: 1
Send Times:  [0.0]

Client: 1, Client Send Time: 1.0420044418424368e-06

Client: 3
Send Times:  [1e-05]

Client: 3, Client Send Time: 5.49999822396785e-06

Client: 4
Send Times:  [0.0]

Client: 4, Client Send Time: 2.500019036233425e-07

Client: 6
Send Times:  [1e-05]

Client: 6, Client Send Time: 6.040994776412845e-06

Client: 8
Send Times:  [1e-05]

Client: 8, Client Send Time: 7.582988473586738e-06

Client: 9
Send Times:  [0.0]

Client: 9, Client Send Time: 2.079905243590474e-07

Client: 0
Receive Times:  [1e-05]

Client: 0, Client Receive Time: 1.1083000572398305e-05

Client: 2
Receive Times:  [1e-05, 0.0]

Client: 2, Client Receive Time: 6.749993190169334e-06

Client: 5
Receive Times:  [1e-05]

Client: 5, Client Receive Time: 6.166010280139744e-06

Client: 7
Receive Times:  [0.0, 0.0]

Client: 7, Client Receive Time: 3.2919924706220627e-06

Send Time of Group 1: 1e-05

Receive Time of Group 0: 1e-05

Client: 0, Client Deduplicate Time: 0.27599

Client: 2, Client Deduplicate Time: 0.42498

Client: 5, Client Deduplicate Time: 0.29605

Client: 7, Client Deduplicate Time: 0.41753


Current Level:  1

Client: 2
Send Times:  [0.0, 0.0]

Client: 2, Client Send Time: 4.999994416721165e-06

Client: 3
Send Times:  [0.0, 0.0]

Client: 3, Client Send Time: 2.500019036233425e-07

Client: 4
Send Times:  [0.0, 0.0]

Client: 4, Client Send Time: 2.500019036233425e-07

Client: 7
Send Times:  [1e-05, 0.0]

Client: 7, Client Send Time: 7.166003342717886e-06

Client: 8
Send Times:  [0.0, 0.0]

Client: 8, Client Send Time: 2.0800507627427578e-07

Client: 9
Send Times:  [0.0, 0.0]

Client: 9, Client Send Time: 1.66997779160738e-07

Client: 0
Receive Times:  [1e-05, 0.0, 0.0]

Client: 0, Client Receive Time: 7.291004294529557e-06

Client: 1
Receive Times:  [0.0, 0.0, 0.0]

Client: 1, Client Receive Time: 2.500019036233425e-07

Client: 5
Receive Times:  [0.0, 0.0, 0.0]

Client: 5, Client Receive Time: 4.7909998102113605e-06

Client: 6
Receive Times:  [0.0, 0.0, 0.0]

Client: 6, Client Receive Time: 2.500019036233425e-07

Send Time of Group 1: 1e-05

Receive Time of Group 0: 1e-05

Client: 0, Client Deduplicate Time: 0.53217

Client: 1, Client Deduplicate Time: 0.33021

Client: 5, Client Deduplicate Time: 0.54739

Client: 6, Client Deduplicate Time: 0.34328


Current Level:  0

Client: 5
Send Times:  [0.0, 0.0, 0.0, 0.0, 0.0]

Client: 5, Client Send Time: 2.7500063879415393e-06

Client: 6
Send Times:  [0.0, 0.0, 0.0, 0.0, 0.0]

Client: 6, Client Send Time: 4.083995008841157e-06

Client: 7
Send Times:  [0.0, 0.0, 0.0, 0.0, 0.0]

Client: 7, Client Send Time: 1.6701233107596636e-07

Client: 8
Send Times:  [0.0, 0.0, 0.0, 0.0, 0.0]

Client: 8, Client Send Time: 1.66997779160738e-07

Client: 9
Send Times:  [0.0, 0.0, 0.0, 0.0, 0.0]

Client: 9, Client Send Time: 1.66997779160738e-07

Client: 0
Receive Times:  [0.0, 0.0, 0.0, 0.0, 0.0]

Client: 0, Client Receive Time: 8.33999365568161e-07

Client: 1
Receive Times:  [0.0, 0.0, 0.0, 0.0, 0.0]

Client: 1, Client Receive Time: 2.500019036233425e-07

Client: 2
Receive Times:  [1e-05, 0.0, 0.0, 0.0, 0.0]

Client: 2, Client Receive Time: 7.291004294529557e-06

Client: 3
Receive Times:  [0.0, 0.0, 0.0, 0.0, 0.0]

Client: 3, Client Receive Time: 2.0899460650980473e-07

Client: 4
Receive Times:  [0.0, 0.0, 0.0, 0.0, 0.0]

Client: 4, Client Receive Time: 2.500019036233425e-07

Send Time of Group 1: 0.0

Receive Time of Group 0: 1e-05

Client: 0, Client Deduplicate Time: 1.15864

Client: 1, Client Deduplicate Time: 1.0314

Client: 2, Client Deduplicate Time: 1.23846

Client: 3, Client Deduplicate Time: 1.30803

Client: 4, Client Deduplicate Time: 0.94698


Total time for entire protocol: 7.09322

Wall clock time
Start time:  2025-11-11 14:29:34.301740
End time:  2025-11-11 14:29:48.293011

--------------------------------------------------------------------------------

================================================================================
Summary:
================================================================================
Protocol: TYPE2_DMPF
Total data with duplicates: 327760
Total data without duplicates: 311335
Duplicates removed: 16425
Deduplication rate: 5.01%
================================================================================
