✓ Using optimized Rust DMPF library
================================================================================
EP-MPD Protocol with DMPF (Distributed Multi-Point Functions)
================================================================================

Configuration:
  - Clients: 10
  - Elements per client: 32768
  - Duplication percentage: 30.0%
  - Random seed: 42

Total data points (with duplicates): 327740
Unique data points (expected): 278555

--------------------------------------------------------------------------------
Running TYPE2_DMPF (DMPF-based protocol)...
--------------------------------------------------------------------------------

DMPF Protocol Results:
  - Total time: 14.1525 seconds
  - Deduplicated elements: 278555


Setup time: 4.41348

Client: 0, Client Setup Time: 0.019295874997624196

Client: 1, Client Setup Time: 0.01943204201234039

Client: 2, Client Setup Time: 0.014606583004933782

Client: 3, Client Setup Time: 0.014477374992566183

Client: 4, Client Setup Time: 0.01596554199932143

Client: 5, Client Setup Time: 0.01550216699251905

Client: 6, Client Setup Time: 0.014389792006113566

Client: 7, Client Setup Time: 0.01448312500724569

Client: 8, Client Setup Time: 0.016258165996987373

Client: 9, Client Setup Time: 0.015415124013088644

Client: 0, TP Setup Time: 0.3780067500047153

Client: 1, TP Setup Time: 0.37368074999540113

Client: 2, TP Setup Time: 0.37035745799948927

Client: 3, TP Setup Time: 0.4188107500085607

Client: 4, TP Setup Time: 0.5438902500027325

Client: 5, TP Setup Time: 0.4688370829971973

Client: 6, TP Setup Time: 0.4308369579957798

Client: 7, TP Setup Time: 0.4213752920040861

Client: 8, TP Setup Time: 0.41828333400189877

Client: 9, TP Setup Time: 0.4295762089896016


Current Level:  3

Client: 4
Send Times:  [0.0]

Client: 4, Client Send Time: 7.089984137564898e-07

Client: 9
Send Times:  [1e-05]

Client: 9, Client Send Time: 5.249996320344508e-06

Client: 3
Receive Times:  [0.0]

Client: 3, Client Receive Time: 4.457993782125413e-06

Client: 8
Receive Times:  [0.0]

Client: 8, Client Receive Time: 3.2910029403865337e-06

Send Time of Group 1: 1e-05

Receive Time of Group 0: 0.0

Client: 3, Client Deduplicate Time: 0.34102

Client: 8, Client Deduplicate Time: 0.29579


Current Level:  2

Client: 1
Send Times:  [0.0]

Client: 1, Client Send Time: 1.8330028979107738e-06

Client: 3
Send Times:  [0.0]

Client: 3, Client Send Time: 1.0829971870407462e-06

Client: 4
Send Times:  [0.0]

Client: 4, Client Send Time: 4.5799242798238993e-07

Client: 6
Send Times:  [1e-05]

Client: 6, Client Send Time: 5.249996320344508e-06

Client: 8
Send Times:  [0.0]

Client: 8, Client Send Time: 4.041008651256561e-06

Client: 9
Send Times:  [0.0]

Client: 9, Client Send Time: 2.500019036233425e-07

Client: 0
Receive Times:  [1e-05]

Client: 0, Client Receive Time: 1.0499992640689015e-05

Client: 2
Receive Times:  [1e-05, 0.0]

Client: 2, Client Receive Time: 1.4541990822181106e-05

Client: 5
Receive Times:  [0.0]

Client: 5, Client Receive Time: 3.583001671358943e-06

Client: 7
Receive Times:  [0.0, 0.0]

Client: 7, Client Receive Time: 2.3750035325065255e-06

Send Time of Group 1: 1e-05

Receive Time of Group 0: 1e-05

Client: 0, Client Deduplicate Time: 0.29256

Client: 2, Client Deduplicate Time: 0.40486

Client: 5, Client Deduplicate Time: 0.29436

Client: 7, Client Deduplicate Time: 0.38914


Current Level:  1

Client: 2
Send Times:  [1e-05, 0.0]

Client: 2, Client Send Time: 6.999995093792677e-06

Client: 3
Send Times:  [0.0, 0.0]

Client: 3, Client Send Time: 2.9199873097240925e-07

Client: 4
Send Times:  [0.0, 0.0]

Client: 4, Client Send Time: 2.9199873097240925e-07

Client: 7
Send Times:  [1e-05, 0.0]

Client: 7, Client Send Time: 5.875001079402864e-06

Client: 8
Send Times:  [0.0, 0.0]

Client: 8, Client Send Time: 2.500019036233425e-07

Client: 9
Send Times:  [0.0, 0.0]

Client: 9, Client Send Time: 2.0800507627427578e-07

Client: 0
Receive Times:  [1e-05, 0.0, 0.0]

Client: 0, Client Receive Time: 1.3374999980442226e-05

Client: 1
Receive Times:  [0.0, 0.0, 0.0]

Client: 1, Client Receive Time: 3.33995558321476e-07

Client: 5
Receive Times:  [0.0, 0.0, 0.0]

Client: 5, Client Receive Time: 2.2500025806948543e-06

Client: 6
Receive Times:  [0.0, 0.0, 0.0]

Client: 6, Client Receive Time: 2.500019036233425e-07

Send Time of Group 1: 1e-05

Receive Time of Group 0: 1e-05

Client: 0, Client Deduplicate Time: 0.51843

Client: 1, Client Deduplicate Time: 0.32117

Client: 5, Client Deduplicate Time: 0.66545

Client: 6, Client Deduplicate Time: 0.34273


Current Level:  0

Client: 5
Send Times:  [1e-05, 0.0, 0.0, 0.0, 0.0]

Client: 5, Client Send Time: 6.083995685912669e-06

Client: 6
Send Times:  [0.0, 0.0, 0.0, 0.0, 0.0]

Client: 6, Client Send Time: 3.16700607072562e-06

Client: 7
Send Times:  [0.0, 0.0, 0.0, 0.0, 0.0]

Client: 7, Client Send Time: 2.0800507627427578e-07

Client: 8
Send Times:  [0.0, 0.0, 0.0, 0.0, 0.0]

Client: 8, Client Send Time: 1.6701233107596636e-07

Client: 9
Send Times:  [0.0, 0.0, 0.0, 0.0, 0.0]

Client: 9, Client Send Time: 1.66997779160738e-07

Client: 0
Receive Times:  [1e-05, 0.0, 0.0, 0.0, 0.0]

Client: 0, Client Receive Time: 1.0791001841425896e-05

Client: 1
Receive Times:  [0.0, 0.0, 0.0, 0.0, 0.0]

Client: 1, Client Receive Time: 2.500019036233425e-07

Client: 2
Receive Times:  [1e-05, 0.0, 0.0, 0.0, 0.0]

Client: 2, Client Receive Time: 1.054200401995331e-05

Client: 3
Receive Times:  [0.0, 0.0, 0.0, 0.0, 0.0]

Client: 3, Client Receive Time: 2.500019036233425e-07

Client: 4
Receive Times:  [0.0, 0.0, 0.0, 0.0, 0.0]

Client: 4, Client Receive Time: 2.500019036233425e-07

Send Time of Group 1: 1e-05

Receive Time of Group 0: 1e-05

Client: 0, Client Deduplicate Time: 1.03535

Client: 1, Client Deduplicate Time: 1.2857

Client: 2, Client Deduplicate Time: 1.21628

Client: 3, Client Deduplicate Time: 1.29284

Client: 4, Client Deduplicate Time: 1.01655


Total time for entire protocol: 7.11772

Wall clock time
Start time:  2025-11-11 13:18:54.558851
End time:  2025-11-11 13:19:08.711275

--------------------------------------------------------------------------------

================================================================================
Summary:
================================================================================
Protocol: TYPE2_DMPF
Total data with duplicates: 327740
Total data without duplicates: 278555
Duplicates removed: 49185
Deduplication rate: 15.01%
================================================================================
