✓ Using optimized Rust DMPF library
================================================================================
EP-MPD Protocol with DMPF (Distributed Multi-Point Functions)
================================================================================

Configuration:
  - Clients: 25
  - Elements per client: 32768
  - Duplication percentage: 30.0%
  - Random seed: 42

Total data points (with duplicates): 819425
Unique data points (expected): 696425

--------------------------------------------------------------------------------
Running TYPE2_DMPF (DMPF-based protocol)...
--------------------------------------------------------------------------------

DMPF Protocol Results:
  - Total time: 156.0391 seconds
  - Deduplicated elements: 696425


Setup time: 11.64961

Client: 0, Client Setup Time: 0.028268459005630575

Client: 1, Client Setup Time: 0.02295920798496809

Client: 2, Client Setup Time: 0.01463037499343045

Client: 3, Client Setup Time: 0.014646833995357156

Client: 4, Client Setup Time: 0.014371874000062235

Client: 5, Client Setup Time: 0.014364250004291534

Client: 6, Client Setup Time: 0.014358207990881056

Client: 7, Client Setup Time: 0.014297916990472004

Client: 8, Client Setup Time: 0.01571383301052265

Client: 9, Client Setup Time: 0.014951917008147575

Client: 10, Client Setup Time: 0.0158949169999687

Client: 11, Client Setup Time: 0.016975957987597212

Client: 12, Client Setup Time: 0.016823416997794993

Client: 13, Client Setup Time: 0.017945666011655703

Client: 14, Client Setup Time: 0.019779708003625274

Client: 15, Client Setup Time: 0.015072207999764942

Client: 16, Client Setup Time: 0.015064084000186995

Client: 17, Client Setup Time: 0.014968249990488403

Client: 18, Client Setup Time: 0.016360916997655295

Client: 19, Client Setup Time: 0.015210833007586189

Client: 20, Client Setup Time: 0.015777790991705842

Client: 21, Client Setup Time: 0.018673124999622814

Client: 22, Client Setup Time: 0.018390000012004748

Client: 23, Client Setup Time: 0.022426166993682273

Client: 24, Client Setup Time: 0.017382751000695862

Client: 0, TP Setup Time: 0.3672051250032382

Client: 1, TP Setup Time: 0.3614219590090215

Client: 2, TP Setup Time: 0.3701046670030337

Client: 3, TP Setup Time: 0.3640614579926478

Client: 4, TP Setup Time: 0.3680144590034615

Client: 5, TP Setup Time: 0.3608113329974003

Client: 6, TP Setup Time: 0.3598692500090692

Client: 7, TP Setup Time: 0.39176975000009406

Client: 8, TP Setup Time: 0.4146901249914663

Client: 9, TP Setup Time: 0.49486712500220165

Client: 10, TP Setup Time: 0.4948833749949699

Client: 11, TP Setup Time: 0.6009067090053577

Client: 12, TP Setup Time: 0.49632670800201595

Client: 13, TP Setup Time: 0.45414741699642036

Client: 14, TP Setup Time: 0.46170162499765866

Client: 15, TP Setup Time: 0.4931465000117896

Client: 16, TP Setup Time: 0.4529470410052454

Client: 17, TP Setup Time: 0.4714721250056755

Client: 18, TP Setup Time: 0.49357383300957736

Client: 19, TP Setup Time: 0.4505119579989696

Client: 20, TP Setup Time: 0.4726737500022864

Client: 21, TP Setup Time: 0.4948222499951953

Client: 22, TP Setup Time: 0.5252952919981908

Client: 23, TP Setup Time: 0.5418966249999357

Client: 24, TP Setup Time: 0.46718433299975004


Current Level:  4

Client: 2
Send Times:  [0.00012]

Client: 2, Client Send Time: 0.00012491698726080358

Client: 5
Send Times:  [3e-05]

Client: 5, Client Send Time: 2.8125010430812836e-05

Client: 8
Send Times:  [1e-05]

Client: 8, Client Send Time: 6.541988113895059e-06

Client: 11
Send Times:  [1e-05]

Client: 11, Client Send Time: 6.250003934837878e-06

Client: 14
Send Times:  [1e-05]

Client: 14, Client Send Time: 6.999995093792677e-06

Client: 17
Send Times:  [0.00041]

Client: 17, Client Send Time: 0.00041495800542179495

Client: 20
Send Times:  [1e-05]

Client: 20, Client Send Time: 5.041991244070232e-06

Client: 22
Send Times:  [0.00067]

Client: 22, Client Send Time: 0.0006735420029144734

Client: 24
Send Times:  [0.0]

Client: 24, Client Send Time: 2.4170003598555923e-06

Client: 1
Receive Times:  [0.00015]

Client: 1, Client Receive Time: 0.0001497080083936453

Client: 4
Receive Times:  [3e-05]

Client: 4, Client Receive Time: 3.341599949635565e-05

Client: 7
Receive Times:  [1e-05]

Client: 7, Client Receive Time: 8.750008419156075e-06

Client: 10
Receive Times:  [3e-05]

Client: 10, Client Receive Time: 2.5542001822032034e-05

Client: 13
Receive Times:  [0.00029]

Client: 13, Client Receive Time: 0.00028829200891777873

Client: 16
Receive Times:  [4e-05]

Client: 16, Client Receive Time: 3.9874998037703335e-05

Client: 19
Receive Times:  [0.0]

Client: 19, Client Receive Time: 3.0420051189139485e-06

Client: 21
Receive Times:  [1e-05]

Client: 21, Client Receive Time: 6.207992555573583e-06

Client: 23
Receive Times:  [0.0]

Client: 23, Client Receive Time: 2.0000006770715117e-06

Send Time of Group 1: 0.00067

Receive Time of Group 0: 0.00029

Client: 1, Client Deduplicate Time: 3.58807

Client: 4, Client Deduplicate Time: 3.73262

Client: 7, Client Deduplicate Time: 2.33397

Client: 10, Client Deduplicate Time: 3.28701

Client: 13, Client Deduplicate Time: 2.21071

Client: 16, Client Deduplicate Time: 2.53447

Client: 19, Client Deduplicate Time: 2.49552

Client: 21, Client Deduplicate Time: 2.45098

Client: 23, Client Deduplicate Time: 1.94672


Current Level:  3

Client: 1
Send Times:  [0.0]

Client: 1, Client Send Time: 2.874992787837982e-06

Client: 2
Send Times:  [0.0]

Client: 2, Client Send Time: 2.9199873097240925e-07

Client: 4
Send Times:  [1e-05]

Client: 4, Client Send Time: 6.124988431110978e-06

Client: 5
Send Times:  [0.0]

Client: 5, Client Send Time: 2.9199873097240925e-07

Client: 7
Send Times:  [3e-05]

Client: 7, Client Send Time: 2.587500785011798e-05

Client: 8
Send Times:  [0.0]

Client: 8, Client Send Time: 3.958004526793957e-06

Client: 10
Send Times:  [0.0]

Client: 10, Client Send Time: 4.791989340446889e-06

Client: 11
Send Times:  [0.0]

Client: 11, Client Send Time: 2.0899460650980473e-07

Client: 13
Send Times:  [0.0]

Client: 13, Client Send Time: 1.7500133253633976e-06

Client: 14
Send Times:  [0.0]

Client: 14, Client Send Time: 2.079905243590474e-07

Client: 16
Send Times:  [0.00032]

Client: 16, Client Send Time: 0.0003182090003974736

Client: 17
Send Times:  [0.0]

Client: 17, Client Send Time: 3.7500285543501377e-07

Client: 19
Send Times:  [0.0]

Client: 19, Client Send Time: 3.5410048440098763e-06

Client: 20
Send Times:  [0.0]

Client: 20, Client Send Time: 3.33995558321476e-07

Client: 23
Send Times:  [0.00157, 0.0]

Client: 23, Client Send Time: 0.0015658750053262338

Client: 24
Send Times:  [0.0, 0.0]

Client: 24, Client Send Time: 5.420006345957518e-07

Client: 0
Receive Times:  [1e-05, 0.0]

Client: 0, Client Receive Time: 6.708010914735496e-06

Client: 3
Receive Times:  [1e-05, 0.0]

Client: 3, Client Receive Time: 6.2920007621869445e-06

Client: 6
Receive Times:  [3e-05, 0.0]

Client: 6, Client Receive Time: 2.6458001229912043e-05

Client: 9
Receive Times:  [1e-05, 0.0]

Client: 9, Client Receive Time: 5.250010872259736e-06

Client: 12
Receive Times:  [0.0, 0.0]

Client: 12, Client Receive Time: 2.1669984562322497e-06

Client: 15
Receive Times:  [0.0, 0.0]

Client: 15, Client Receive Time: 2.582994056865573e-06

Client: 18
Receive Times:  [0.0, 0.0]

Client: 18, Client Receive Time: 2.2500025806948543e-06

Client: 21
Receive Times:  [1e-05, 0.0]

Client: 21, Client Receive Time: 8.12498910818249e-06

Client: 22
Receive Times:  [0.0, 0.0]

Client: 22, Client Receive Time: 2.9199873097240925e-07

Send Time of Group 1: 0.00157

Receive Time of Group 0: 3e-05

Client: 0, Client Deduplicate Time: 3.42615

Client: 3, Client Deduplicate Time: 3.64565

Client: 6, Client Deduplicate Time: 3.7653

Client: 9, Client Deduplicate Time: 9.89957

Client: 12, Client Deduplicate Time: 2.69034

Client: 15, Client Deduplicate Time: 2.80907

Client: 18, Client Deduplicate Time: 2.67751

Client: 21, Client Deduplicate Time: 3.08936

Client: 22, Client Deduplicate Time: 0.27264


Current Level:  2

Client: 3
Send Times:  [1e-05, 0.0, 0.0]

Client: 3, Client Send Time: 6.374990334734321e-06

Client: 4
Send Times:  [0.0, 0.0, 0.0]

Client: 4, Client Send Time: 8.330098353326321e-07

Client: 5
Send Times:  [0.0, 0.0, 0.0]

Client: 5, Client Send Time: 3.7500285543501377e-07

Client: 9
Send Times:  [1e-05, 0.0, 0.0]

Client: 9, Client Send Time: 6.667003617621958e-06

Client: 10
Send Times:  [0.0, 0.0, 0.0]

Client: 10, Client Send Time: 1.1250085663050413e-06

Client: 11
Send Times:  [0.0, 0.0, 0.0]

Client: 11, Client Send Time: 2.0899460650980473e-07

Client: 15
Send Times:  [0.00559, 0.0, 0.0]

Client: 15, Client Send Time: 0.0055891660013003275

Client: 16
Send Times:  [0.0, 0.0, 0.0]

Client: 16, Client Send Time: 5.420006345957518e-07

Client: 17
Send Times:  [0.0, 0.0, 0.0]

Client: 17, Client Send Time: 3.3401011023670435e-07

Client: 21
Send Times:  [0.0, 0.0, 0.0]

Client: 21, Client Send Time: 2.91600008495152e-06

Client: 22
Send Times:  [1e-05, 0.0, 0.0]

Client: 22, Client Send Time: 9.749986929818988e-06

Client: 23
Send Times:  [0.0, 0.0, 0.0]

Client: 23, Client Send Time: 2.0800507627427578e-07

Client: 24
Send Times:  [0.0, 0.0, 0.0]

Client: 24, Client Send Time: 1.6701233107596636e-07

Client: 0
Receive Times:  [6e-05, 0.0, 0.0]

Client: 0, Client Receive Time: 5.6666991440579295e-05

Client: 1
Receive Times:  [0.0, 0.0, 0.0]

Client: 1, Client Receive Time: 5.830079317092896e-07

Client: 2
Receive Times:  [0.0, 0.0, 0.0]

Client: 2, Client Receive Time: 4.999892553314567e-07

Client: 6
Receive Times:  [3e-05, 0.0, 0.0]

Client: 6, Client Receive Time: 3.254100738558918e-05

Client: 7
Receive Times:  [0.0, 0.0, 0.0]

Client: 7, Client Receive Time: 2.9199873097240925e-07

Client: 8
Receive Times:  [0.0, 0.0, 0.0]

Client: 8, Client Receive Time: 1.3749959180131555e-06

Client: 12
Receive Times:  [1e-05, 0.0, 0.0]

Client: 12, Client Receive Time: 5.2919931476935744e-06

Client: 13
Receive Times:  [0.0, 0.0, 0.0]

Client: 13, Client Receive Time: 4.169996827840805e-07

Client: 14
Receive Times:  [0.0, 0.0, 0.0]

Client: 14, Client Receive Time: 5.00003807246685e-07

Client: 18
Receive Times:  [0.0, 0.0, 0.0, 0.0]

Client: 18, Client Receive Time: 1.9590079318732023e-06

Client: 19
Receive Times:  [0.0, 0.0, 0.0, 0.0]

Client: 19, Client Receive Time: 3.749883035197854e-07

Client: 20
Receive Times:  [0.0, 0.0, 0.0, 0.0]

Client: 20, Client Receive Time: 3.7500285543501377e-07

Send Time of Group 1: 0.00559

Receive Time of Group 0: 6e-05

Client: 0, Client Deduplicate Time: 4.31247

Client: 1, Client Deduplicate Time: 1.22868

Client: 2, Client Deduplicate Time: 0.74065

Client: 6, Client Deduplicate Time: 3.81893

Client: 7, Client Deduplicate Time: 0.67009

Client: 8, Client Deduplicate Time: 0.43521

Client: 12, Client Deduplicate Time: 2.68022

Client: 13, Client Deduplicate Time: 0.35715

Client: 14, Client Deduplicate Time: 0.3411

Client: 18, Client Deduplicate Time: 3.02655

Client: 19, Client Deduplicate Time: 0.50989

Client: 20, Client Deduplicate Time: 0.69957


Current Level:  1

Client: 6
Send Times:  [1e-05, 0.0, 0.0, 0.0, 0.0, 0.0]

Client: 6, Client Send Time: 5.542009603232145e-06

Client: 7
Send Times:  [1e-05, 0.0, 0.0, 0.0, 0.0, 0.0]

Client: 7, Client Send Time: 5.041991244070232e-06

Client: 8
Send Times:  [0.0, 0.0, 0.0, 0.0, 0.0, 0.0]

Client: 8, Client Send Time: 1.7080019460991025e-06

Client: 9
Send Times:  [0.0, 0.0, 0.0, 0.0, 0.0, 0.0]

Client: 9, Client Send Time: 1.6701233107596636e-07

Client: 10
Send Times:  [0.0, 0.0, 0.0, 0.0, 0.0, 0.0]

Client: 10, Client Send Time: 2.500019036233425e-07

Client: 11
Send Times:  [0.0, 0.0, 0.0, 0.0, 0.0, 0.0]

Client: 11, Client Send Time: 1.66997779160738e-07

Client: 18
Send Times:  [1e-05, 0.0, 0.0, 0.0, 0.0, 0.0]

Client: 18, Client Send Time: 1.0333009413443506e-05

Client: 19
Send Times:  [1e-05, 0.0, 0.0, 0.0, 0.0, 0.0]

Client: 19, Client Send Time: 1.0625008144415915e-05

Client: 20
Send Times:  [0.00221, 0.0, 0.0, 0.0, 0.0, 0.0]

Client: 20, Client Send Time: 0.002207041994552128

Client: 21
Send Times:  [0.0, 0.0, 0.0, 0.0, 0.0, 0.0]

Client: 21, Client Send Time: 2.0800507627427578e-07

Client: 22
Send Times:  [0.0, 0.0, 0.0, 0.0, 0.0, 0.0]

Client: 22, Client Send Time: 2.500019036233425e-07

Client: 23
Send Times:  [0.0, 0.0, 0.0, 0.0, 0.0, 0.0]

Client: 23, Client Send Time: 2.0800507627427578e-07

Client: 24
Send Times:  [0.0, 0.0, 0.0, 0.0, 0.0, 0.0]

Client: 24, Client Send Time: 2.0800507627427578e-07

Client: 0
Receive Times:  [1e-05, 0.0, 0.0, 0.0, 0.0, 0.0]

Client: 0, Client Receive Time: 1.1625001206994057e-05

Client: 1
Receive Times:  [0.0, 0.0, 0.0, 0.0, 0.0, 0.0]

Client: 1, Client Receive Time: 2.9199873097240925e-07

Client: 2
Receive Times:  [0.0, 0.0, 0.0, 0.0, 0.0, 0.0]

Client: 2, Client Receive Time: 2.500019036233425e-07

Client: 3
Receive Times:  [0.0, 0.0, 0.0, 0.0, 0.0, 0.0]

Client: 3, Client Receive Time: 2.4998735170811415e-07

Client: 4
Receive Times:  [0.0, 0.0, 0.0, 0.0, 0.0, 0.0]

Client: 4, Client Receive Time: 2.500019036233425e-07

Client: 5
Receive Times:  [0.0, 0.0, 0.0, 0.0, 0.0, 0.0]

Client: 5, Client Receive Time: 2.500019036233425e-07

Client: 12
Receive Times:  [0.0, 0.0, 0.0, 0.0, 0.0, 0.0, 0.0]

Client: 12, Client Receive Time: 4.917004844173789e-06

Client: 13
Receive Times:  [0.0, 0.0, 0.0, 0.0, 0.0, 0.0, 0.0]

Client: 13, Client Receive Time: 2.500019036233425e-07

Client: 14
Receive Times:  [0.0, 0.0, 0.0, 0.0, 0.0, 0.0, 0.0]

Client: 14, Client Receive Time: 2.9199873097240925e-07

Client: 15
Receive Times:  [0.0, 0.0, 0.0, 0.0, 0.0, 0.0, 0.0]

Client: 15, Client Receive Time: 2.500019036233425e-07

Client: 16
Receive Times:  [0.0, 0.0, 0.0, 0.0, 0.0, 0.0, 0.0]

Client: 16, Client Receive Time: 2.500019036233425e-07

Client: 17
Receive Times:  [0.0, 0.0, 0.0, 0.0, 0.0, 0.0, 0.0]

Client: 17, Client Receive Time: 2.500019036233425e-07

Send Time of Group 1: 0.00221

Receive Time of Group 0: 1e-05

Client: 0, Client Deduplicate Time: 3.24166

Client: 1, Client Deduplicate Time: 1.78091

Client: 2, Client Deduplicate Time: 2.04454

Client: 3, Client Deduplicate Time: 1.5328

Client: 4, Client Deduplicate Time: 0.99844

Client: 5, Client Deduplicate Time: 0.72397

Client: 12, Client Deduplicate Time: 4.74995

Client: 13, Client Deduplicate Time: 2.32534

Client: 14, Client Deduplicate Time: 1.92486

Client: 15, Client Deduplicate Time: 1.80152

Client: 16, Client Deduplicate Time: 1.88431

Client: 17, Client Deduplicate Time: 1.97547


Current Level:  0

Client: 12
Send Times:  [1e-05, 0.0, 0.0, 0.0, 0.0, 0.0, 0.0, 0.0, 0.0, 0.0, 0.0, 0.0]

Client: 12, Client Send Time: 7.208000170066953e-06

Client: 13
Send Times:  [1e-05, 0.0, 0.0, 0.0, 0.0, 0.0, 0.0, 0.0, 0.0, 0.0, 0.0, 0.0]

Client: 13, Client Send Time: 5.9580052038654685e-06

Client: 14
Send Times:  [2e-05, 0.0, 0.0, 0.0, 0.0, 0.0, 0.0, 0.0, 0.0, 0.0, 0.0, 0.0]

Client: 14, Client Send Time: 1.983300899155438e-05

Client: 15
Send Times:  [0.0, 0.0, 0.0, 0.0, 0.0, 0.0, 0.0, 0.0, 0.0, 0.0, 0.0, 0.0]

Client: 15, Client Send Time: 4.1660096030682325e-06

Client: 16
Send Times:  [0.0, 0.0, 0.0, 0.0, 0.0, 0.0, 0.0, 0.0, 0.0, 0.0, 0.0, 0.0]

Client: 16, Client Send Time: 1.6660051187500358e-06

Client: 17
Send Times:  [0.0, 0.0, 0.0, 0.0, 0.0, 0.0, 0.0, 0.0, 0.0, 0.0, 0.0, 0.0]

Client: 17, Client Send Time: 4.874993464909494e-06

Client: 18
Send Times:  [0.0, 0.0, 0.0, 0.0, 0.0, 0.0, 0.0, 0.0, 0.0, 0.0, 0.0, 0.0]

Client: 18, Client Send Time: 1.6701233107596636e-07

Client: 19
Send Times:  [0.0, 0.0, 0.0, 0.0, 0.0, 0.0, 0.0, 0.0, 0.0, 0.0, 0.0, 0.0]

Client: 19, Client Send Time: 1.66997779160738e-07

Client: 20
Send Times:  [0.0, 0.0, 0.0, 0.0, 0.0, 0.0, 0.0, 0.0, 0.0, 0.0, 0.0, 0.0]

Client: 20, Client Send Time: 1.6701233107596636e-07

Client: 21
Send Times:  [0.0, 0.0, 0.0, 0.0, 0.0, 0.0, 0.0, 0.0, 0.0, 0.0, 0.0, 0.0]

Client: 21, Client Send Time: 2.090091584250331e-07

Client: 22
Send Times:  [0.0, 0.0, 0.0, 0.0, 0.0, 0.0, 0.0, 0.0, 0.0, 0.0, 0.0, 0.0]

Client: 22, Client Send Time: 1.66997779160738e-07

Client: 23
Send Times:  [0.0, 0.0, 0.0, 0.0, 0.0, 0.0, 0.0, 0.0, 0.0, 0.0, 0.0, 0.0]

Client: 23, Client Send Time: 2.079905243590474e-07

Client: 24
Send Times:  [0.0, 0.0, 0.0, 0.0, 0.0, 0.0, 0.0, 0.0, 0.0, 0.0, 0.0, 0.0]

Client: 24, Client Send Time: 1.6701233107596636e-07

Client: 0
Receive Times:  [3e-05, 0.0, 0.0, 0.0, 0.0, 0.0, 0.0, 0.0, 0.0, 0.0, 0.0, 0.0, 0.0]

Client: 0, Client Receive Time: 3.354200453031808e-05

Client: 1
Receive Times:  [0.0, 0.0, 0.0, 0.0, 0.0, 0.0, 0.0, 0.0, 0.0, 0.0, 0.0, 0.0, 0.0]

Client: 1, Client Receive Time: 2.0410079741850495e-06

Client: 2
Receive Times:  [0.0, 0.0, 0.0, 0.0, 0.0, 0.0, 0.0, 0.0, 0.0, 0.0, 0.0, 0.0, 0.0]

Client: 2, Client Receive Time: 3.7500285543501377e-07

Client: 3
Receive Times:  [0.0, 0.0, 0.0, 0.0, 0.0, 0.0, 0.0, 0.0, 0.0, 0.0, 0.0, 0.0, 0.0]

Client: 3, Client Receive Time: 3.7500285543501377e-07

Client: 4
Receive Times:  [0.0, 0.0, 0.0, 0.0, 0.0, 0.0, 0.0, 0.0, 0.0, 0.0, 0.0, 0.0, 0.0]

Client: 4, Client Receive Time: 3.3300602808594704e-07

Client: 5
Receive Times:  [0.0, 0.0, 0.0, 0.0, 0.0, 0.0, 0.0, 0.0, 0.0, 0.0, 0.0, 0.0, 0.0]

Client: 5, Client Receive Time: 3.33995558321476e-07

Client: 6
Receive Times:  [0.0, 0.0, 0.0, 0.0, 0.0, 0.0, 0.0, 2e-05, 0.0, 0.0, 0.0, 0.0, 0.0]

Client: 6, Client Receive Time: 1.833400165196508e-05

Client: 7
Receive Times:  [0.0, 0.0, 0.0, 0.0, 0.0, 0.0, 0.0, 0.0, 0.0, 0.0, 0.0, 0.0, 0.0]

Client: 7, Client Receive Time: 3.3299147617071867e-07

Client: 8
Receive Times:  [0.0, 0.0, 0.0, 0.0, 0.0, 0.0, 0.0, 0.0, 0.0, 0.0, 0.0, 0.0, 0.0]

Client: 8, Client Receive Time: 1.2499949662014842e-06

Client: 9
Receive Times:  [0.0, 0.0, 0.0, 0.0, 0.0, 0.0, 0.0, 0.0, 0.0, 0.0, 0.0, 0.0, 0.0]

Client: 9, Client Receive Time: 3.3300602808594704e-07

Client: 10
Receive Times:  [0.0, 0.0, 0.0, 0.0, 0.0, 0.0, 0.0, 0.0, 0.0, 0.0, 0.0, 0.0, 0.0]

Client: 10, Client Receive Time: 3.3300602808594704e-07

Client: 11
Receive Times:  [0.0, 0.0, 0.0, 0.0, 0.0, 0.0, 0.0, 0.0, 0.0, 0.0, 0.0, 0.0, 0.0]

Client: 11, Client Receive Time: 1.1250085663050413e-06

Send Time of Group 1: 2e-05

Receive Time of Group 0: 3e-05

Client: 0, Client Deduplicate Time: 6.49611

Client: 1, Client Deduplicate Time: 3.43475

Client: 2, Client Deduplicate Time: 3.30612

Client: 3, Client Deduplicate Time: 3.46001

Client: 4, Client Deduplicate Time: 3.25732

Client: 5, Client Deduplicate Time: 3.40338

Client: 6, Client Deduplicate Time: 3.25103

Client: 7, Client Deduplicate Time: 3.33113

Client: 8, Client Deduplicate Time: 3.27982

Client: 9, Client Deduplicate Time: 3.50941

Client: 10, Client Deduplicate Time: 3.47492

Client: 11, Client Deduplicate Time: 3.37685


Total time for entire protocol: 40.85081

Wall clock time
Start time:  2025-11-11 13:21:49.927629
End time:  2025-11-11 13:24:25.961704

--------------------------------------------------------------------------------

================================================================================
Summary:
================================================================================
Protocol: TYPE2_DMPF
Total data with duplicates: 819425
Total data without duplicates: 696425
Duplicates removed: 123000
Deduplication rate: 15.01%
================================================================================
