✓ Using optimized Rust DMPF library
================================================================================
EP-MPD Protocol with DMPF (Distributed Multi-Point Functions)
================================================================================

Configuration:
  - Clients: 20
  - Elements per client: 32768
  - Duplication percentage: 30.0%
  - Random seed: 42

Total data points (with duplicates): 655580
Unique data points (expected): 557160

--------------------------------------------------------------------------------
Running TYPE2_DMPF (DMPF-based protocol)...
--------------------------------------------------------------------------------

DMPF Protocol Results:
  - Total time: 111.6964 seconds
  - Deduplicated elements: 557160


Setup time: 9.2534

Client: 0, Client Setup Time: 0.025543084004311822

Client: 1, Client Setup Time: 0.021024248999310657

Client: 2, Client Setup Time: 0.01364458299940452

Client: 3, Client Setup Time: 0.01434279301611241

Client: 4, Client Setup Time: 0.01374941601534374

Client: 5, Client Setup Time: 0.014503583006444387

Client: 6, Client Setup Time: 0.014885458993376233

Client: 7, Client Setup Time: 0.014403207998839207

Client: 8, Client Setup Time: 0.014103708002949134

Client: 9, Client Setup Time: 0.01391466699715238

Client: 10, Client Setup Time: 0.01595079201797489

Client: 11, Client Setup Time: 0.015229167009238154

Client: 12, Client Setup Time: 0.014292001011199318

Client: 13, Client Setup Time: 0.015445083001395687

Client: 14, Client Setup Time: 0.015060666992212646

Client: 15, Client Setup Time: 0.020413916994584724

Client: 16, Client Setup Time: 0.015060125006129965

Client: 17, Client Setup Time: 0.015804291993845254

Client: 18, Client Setup Time: 0.01616929200827144

Client: 19, Client Setup Time: 0.014944166992790997

Client: 0, TP Setup Time: 0.39373858299222775

Client: 1, TP Setup Time: 0.3695657089992892

Client: 2, TP Setup Time: 0.37826749999658205

Client: 3, TP Setup Time: 0.3735986659885384

Client: 4, TP Setup Time: 0.38088066699856427

Client: 5, TP Setup Time: 0.4063246669975342

Client: 6, TP Setup Time: 0.45969466600217856

Client: 7, TP Setup Time: 0.4389324170042528

Client: 8, TP Setup Time: 0.4346356250025565

Client: 9, TP Setup Time: 0.4153959999966901

Client: 10, TP Setup Time: 0.4488171659904765

Client: 11, TP Setup Time: 0.47517691599205136

Client: 12, TP Setup Time: 0.4303185409953585

Client: 13, TP Setup Time: 0.45279437499993946

Client: 14, TP Setup Time: 0.5502510830119718

Client: 15, TP Setup Time: 0.4921786670020083

Client: 16, TP Setup Time: 0.4975558329897467

Client: 17, TP Setup Time: 0.4754797080095159

Client: 18, TP Setup Time: 0.5486115829990013

Client: 19, TP Setup Time: 0.5126954169973033


Current Level:  4

Client: 4
Send Times:  [1e-05]

Client: 4, Client Send Time: 7.6669966802001e-06

Client: 9
Send Times:  [0.0]

Client: 9, Client Send Time: 4.457993782125413e-06

Client: 14
Send Times:  [1e-05]

Client: 14, Client Send Time: 5.417008651420474e-06

Client: 19
Send Times:  [0.00081]

Client: 19, Client Send Time: 0.0008050409960560501

Client: 3
Receive Times:  [1e-05]

Client: 3, Client Receive Time: 8.999995770864189e-06

Client: 8
Receive Times:  [0.0]

Client: 8, Client Receive Time: 4.5000051613897085e-06

Client: 13
Receive Times:  [0.0]

Client: 13, Client Receive Time: 2.707995008677244e-06

Client: 18
Receive Times:  [1e-05]

Client: 18, Client Receive Time: 9.125011274591088e-06

Send Time of Group 1: 0.00081

Receive Time of Group 0: 1e-05

Client: 3, Client Deduplicate Time: 2.09848

Client: 8, Client Deduplicate Time: 2.52703

Client: 13, Client Deduplicate Time: 2.56641

Client: 18, Client Deduplicate Time: 2.28433


Current Level:  3

Client: 1
Send Times:  [0.0]

Client: 1, Client Send Time: 1.7499987734481692e-06

Client: 3
Send Times:  [0.0]

Client: 3, Client Send Time: 3.374996595084667e-06

Client: 4
Send Times:  [0.0]

Client: 4, Client Send Time: 2.500019036233425e-07

Client: 6
Send Times:  [1e-05]

Client: 6, Client Send Time: 6.499991286545992e-06

Client: 8
Send Times:  [0.0]

Client: 8, Client Send Time: 3.5420089261606336e-06

Client: 9
Send Times:  [0.0]

Client: 9, Client Send Time: 2.500019036233425e-07

Client: 11
Send Times:  [1e-05]

Client: 11, Client Send Time: 6.499991286545992e-06

Client: 13
Send Times:  [0.0]

Client: 13, Client Send Time: 1.667009200900793e-06

Client: 14
Send Times:  [0.0]

Client: 14, Client Send Time: 2.500019036233425e-07

Client: 16
Send Times:  [1e-05]

Client: 16, Client Send Time: 8.167000487446785e-06

Client: 18
Send Times:  [0.0]

Client: 18, Client Send Time: 3.749999450519681e-06

Client: 19
Send Times:  [0.0]

Client: 19, Client Send Time: 1.1250085663050413e-06

Client: 0
Receive Times:  [1e-05]

Client: 0, Client Receive Time: 1.145798887591809e-05

Client: 2
Receive Times:  [0.0, 0.0]

Client: 2, Client Receive Time: 4.332992830313742e-06

Client: 5
Receive Times:  [1e-05]

Client: 5, Client Receive Time: 7.124996045604348e-06

Client: 7
Receive Times:  [0.0, 0.0]

Client: 7, Client Receive Time: 2.0000006770715117e-06

Client: 10
Receive Times:  [1e-05]

Client: 10, Client Receive Time: 1.041700306814164e-05

Client: 12
Receive Times:  [1e-05, 0.0]

Client: 12, Client Receive Time: 7.08398874849081e-06

Client: 15
Receive Times:  [1e-05]

Client: 15, Client Receive Time: 1.2416989193297923e-05

Client: 17
Receive Times:  [1e-05, 0.0]

Client: 17, Client Receive Time: 8.457995136268437e-06

Send Time of Group 1: 1e-05

Receive Time of Group 0: 1e-05

Client: 0, Client Deduplicate Time: 2.56144

Client: 2, Client Deduplicate Time: 3.31772

Client: 5, Client Deduplicate Time: 2.24439

Client: 7, Client Deduplicate Time: 2.55923

Client: 10, Client Deduplicate Time: 2.42764

Client: 12, Client Deduplicate Time: 2.40274

Client: 15, Client Deduplicate Time: 3.6114

Client: 17, Client Deduplicate Time: 2.48188


Current Level:  2

Client: 2
Send Times:  [0.0, 0.0]

Client: 2, Client Send Time: 3.916997229680419e-06

Client: 3
Send Times:  [0.0, 0.0]

Client: 3, Client Send Time: 2.500019036233425e-07

Client: 4
Send Times:  [0.0, 0.0]

Client: 4, Client Send Time: 1.66997779160738e-07

Client: 7
Send Times:  [1e-05, 0.0]

Client: 7, Client Send Time: 6.54099858365953e-06

Client: 8
Send Times:  [0.0, 0.0]

Client: 8, Client Send Time: 2.500019036233425e-07

Client: 9
Send Times:  [0.0, 0.0]

Client: 9, Client Send Time: 2.500019036233425e-07

Client: 12
Send Times:  [1e-05, 0.0]

Client: 12, Client Send Time: 5.6249991757795215e-06

Client: 13
Send Times:  [0.0, 0.0]

Client: 13, Client Send Time: 2.0800507627427578e-07

Client: 14
Send Times:  [0.0, 0.0]

Client: 14, Client Send Time: 1.66997779160738e-07

Client: 17
Send Times:  [0.0, 0.0]

Client: 17, Client Send Time: 3.3329997677356005e-06

Client: 18
Send Times:  [0.0, 0.0]

Client: 18, Client Send Time: 1.0829971870407462e-06

Client: 19
Send Times:  [0.0, 0.0]

Client: 19, Client Send Time: 2.9199873097240925e-07

Client: 0
Receive Times:  [1e-05, 0.0, 0.0]

Client: 0, Client Receive Time: 1.1416006600484252e-05

Client: 1
Receive Times:  [0.0, 0.0, 0.0]

Client: 1, Client Receive Time: 3.3299147617071867e-07

Client: 5
Receive Times:  [0.0, 0.0, 0.0]

Client: 5, Client Receive Time: 4.874993464909494e-06

Client: 6
Receive Times:  [0.0, 0.0, 0.0]

Client: 6, Client Receive Time: 3.3300602808594704e-07

Client: 10
Receive Times:  [0.0, 0.0, 0.0]

Client: 10, Client Receive Time: 2.291999408043921e-06

Client: 11
Receive Times:  [0.0, 0.0, 0.0]

Client: 11, Client Receive Time: 3.749883035197854e-07

Client: 15
Receive Times:  [0.0, 0.0, 0.0]

Client: 15, Client Receive Time: 4.207991878502071e-06

Client: 16
Receive Times:  [0.0, 0.0, 0.0]

Client: 16, Client Receive Time: 7.920025382190943e-07

Send Time of Group 1: 1e-05

Receive Time of Group 0: 1e-05

Client: 0, Client Deduplicate Time: 2.1541

Client: 1, Client Deduplicate Time: 0.36383

Client: 5, Client Deduplicate Time: 6.18209

Client: 6, Client Deduplicate Time: 0.55455

Client: 10, Client Deduplicate Time: 2.87847

Client: 11, Client Deduplicate Time: 0.64562

Client: 15, Client Deduplicate Time: 2.87554

Client: 16, Client Deduplicate Time: 0.38088


Current Level:  1

Client: 5
Send Times:  [1e-05, 0.0, 0.0, 0.0, 0.0]

Client: 5, Client Send Time: 1.2708012945950031e-05

Client: 6
Send Times:  [0.0, 0.0, 0.0, 0.0, 0.0]

Client: 6, Client Send Time: 1.8749997252598405e-06

Client: 7
Send Times:  [0.0, 0.0, 0.0, 0.0, 0.0]

Client: 7, Client Send Time: 2.500019036233425e-07

Client: 8
Send Times:  [0.0, 0.0, 0.0, 0.0, 0.0]

Client: 8, Client Send Time: 3.3300602808594704e-07

Client: 9
Send Times:  [0.0, 0.0, 0.0, 0.0, 0.0]

Client: 9, Client Send Time: 2.4998735170811415e-07

Client: 15
Send Times:  [1e-05, 0.0, 0.0, 0.0, 0.0]

Client: 15, Client Send Time: 6.166999810375273e-06

Client: 16
Send Times:  [0.0, 0.0, 0.0, 0.0, 0.0]

Client: 16, Client Send Time: 3.1660019885748625e-06

Client: 17
Send Times:  [0.00048, 0.0, 0.0, 0.0, 0.0]

Client: 17, Client Send Time: 0.00047975000052247196

Client: 18
Send Times:  [0.0, 0.0, 0.0, 0.0, 0.0]

Client: 18, Client Send Time: 1.66997779160738e-07

Client: 19
Send Times:  [0.0, 0.0, 0.0, 0.0, 0.0]

Client: 19, Client Send Time: 1.66997779160738e-07

Client: 0
Receive Times:  [2e-05, 0.0, 0.0, 0.0, 0.0]

Client: 0, Client Receive Time: 1.8000006093643606e-05

Client: 1
Receive Times:  [0.0, 0.0, 0.0, 0.0, 0.0]

Client: 1, Client Receive Time: 3.7500285543501377e-07

Client: 2
Receive Times:  [0.0, 0.0, 0.0, 0.0, 0.0]

Client: 2, Client Receive Time: 1.3749959180131555e-06

Client: 3
Receive Times:  [0.0, 0.0, 0.0, 0.0, 0.0]

Client: 3, Client Receive Time: 3.3299147617071867e-07

Client: 4
Receive Times:  [0.0, 0.0, 0.0, 0.0, 0.0]

Client: 4, Client Receive Time: 2.9199873097240925e-07

Client: 10
Receive Times:  [1e-05, 0.0, 0.0, 0.0, 0.0]

Client: 10, Client Receive Time: 7.790993549861014e-06

Client: 11
Receive Times:  [0.0, 0.0, 0.0, 0.0, 0.0]

Client: 11, Client Receive Time: 2.090091584250331e-07

Client: 12
Receive Times:  [0.0, 0.0, 0.0, 0.0, 0.0]

Client: 12, Client Receive Time: 2.4998735170811415e-07

Client: 13
Receive Times:  [0.0, 0.0, 0.0, 0.0, 0.0]

Client: 13, Client Receive Time: 2.500019036233425e-07

Client: 14
Receive Times:  [0.0, 0.0, 0.0, 0.0, 0.0]

Client: 14, Client Receive Time: 4.749992513097823e-06

Send Time of Group 1: 0.00048

Receive Time of Group 0: 2e-05

Client: 0, Client Deduplicate Time: 11.44718

Client: 1, Client Deduplicate Time: 1.63728

Client: 2, Client Deduplicate Time: 1.71385

Client: 3, Client Deduplicate Time: 1.45126

Client: 4, Client Deduplicate Time: 1.45596

Client: 10, Client Deduplicate Time: 3.51869

Client: 11, Client Deduplicate Time: 1.32069

Client: 12, Client Deduplicate Time: 1.33661

Client: 13, Client Deduplicate Time: 1.46722

Client: 14, Client Deduplicate Time: 0.90103


Current Level:  0

Client: 10
Send Times:  [1e-05, 0.0, 0.0, 0.0, 0.0, 0.0, 0.0, 0.0, 0.0, 0.0]

Client: 10, Client Send Time: 6.667003617621958e-06

Client: 11
Send Times:  [0.0, 0.0, 0.0, 0.0, 0.0, 0.0, 0.0, 0.0, 0.0, 0.0]

Client: 11, Client Send Time: 2.1669984562322497e-06

Client: 12
Send Times:  [1e-05, 0.0, 0.0, 0.0, 0.0, 0.0, 0.0, 0.0, 0.0, 0.0]

Client: 12, Client Send Time: 8.540999260731041e-06

Client: 13
Send Times:  [0.0, 0.0, 0.0, 0.0, 0.0, 0.0, 0.0, 0.0, 0.0, 0.0]

Client: 13, Client Send Time: 1.791995600797236e-06

Client: 14
Send Times:  [0.0, 0.0, 0.0, 0.0, 0.0, 0.0, 0.0, 0.0, 0.0, 0.0]

Client: 14, Client Send Time: 1.45800004247576e-06

Client: 15
Send Times:  [0.0, 0.0, 0.0, 0.0, 0.0, 0.0, 0.0, 0.0, 0.0, 0.0]

Client: 15, Client Send Time: 2.0800507627427578e-07

Client: 16
Send Times:  [0.0, 0.0, 0.0, 0.0, 0.0, 0.0, 0.0, 0.0, 0.0, 0.0]

Client: 16, Client Send Time: 1.6701233107596636e-07

Client: 17
Send Times:  [0.0, 0.0, 0.0, 0.0, 0.0, 0.0, 0.0, 0.0, 0.0, 0.0]

Client: 17, Client Send Time: 3.3300602808594704e-07

Client: 18
Send Times:  [0.0, 0.0, 0.0, 0.0, 0.0, 0.0, 0.0, 0.0, 0.0, 0.0]

Client: 18, Client Send Time: 2.0800507627427578e-07

Client: 19
Send Times:  [0.0, 0.0, 0.0, 0.0, 0.0, 0.0, 0.0, 0.0, 0.0, 0.0]

Client: 19, Client Send Time: 1.6701233107596636e-07

Client: 0
Receive Times:  [1e-05, 0.0, 0.0, 0.0, 0.0, 0.0, 0.0, 0.0, 0.0, 0.0]

Client: 0, Client Receive Time: 1.0750009096227586e-05

Client: 1
Receive Times:  [0.0, 0.0, 0.0, 0.0, 0.0, 0.0, 0.0, 0.0, 0.0, 0.0]

Client: 1, Client Receive Time: 2.9199873097240925e-07

Client: 2
Receive Times:  [0.0, 0.0, 0.0, 0.0, 0.0, 0.0, 0.0, 0.0, 0.0, 0.0]

Client: 2, Client Receive Time: 2.500019036233425e-07

Client: 3
Receive Times:  [0.0, 0.0, 0.0, 0.0, 0.0, 0.0, 0.0, 0.0, 0.0, 0.0]

Client: 3, Client Receive Time: 1.791995600797236e-06

Client: 4
Receive Times:  [0.0, 0.0, 0.0, 0.0, 0.0, 0.0, 0.0, 0.0, 0.0, 0.0]

Client: 4, Client Receive Time: 2.500019036233425e-07

Client: 5
Receive Times:  [0.0, 0.0, 0.0, 0.0, 0.0, 0.0, 0.0, 0.0, 0.0, 0.0]

Client: 5, Client Receive Time: 4.169996827840805e-07

Client: 6
Receive Times:  [0.0, 0.0, 0.0, 0.0, 0.0, 0.0, 0.0, 0.0, 0.0, 0.0]

Client: 6, Client Receive Time: 2.500019036233425e-07

Client: 7
Receive Times:  [0.0, 0.0, 0.0, 0.0, 0.0, 0.0, 0.0, 0.0, 0.0, 0.0]

Client: 7, Client Receive Time: 2.500019036233425e-07

Client: 8
Receive Times:  [0.0, 0.0, 0.0, 0.0, 0.0, 0.0, 0.0, 0.0, 0.0, 0.0]

Client: 8, Client Receive Time: 2.090091584250331e-07

Client: 9
Receive Times:  [0.0, 0.0, 0.0, 0.0, 0.0, 0.0, 0.0, 0.0, 0.0, 0.0]

Client: 9, Client Receive Time: 2.500019036233425e-07

Send Time of Group 1: 1e-05

Receive Time of Group 0: 1e-05

Client: 0, Client Deduplicate Time: 4.87525

Client: 1, Client Deduplicate Time: 2.53504

Client: 2, Client Deduplicate Time: 2.52695

Client: 3, Client Deduplicate Time: 2.61296

Client: 4, Client Deduplicate Time: 2.60154

Client: 5, Client Deduplicate Time: 2.85168

Client: 6, Client Deduplicate Time: 2.69581

Client: 7, Client Deduplicate Time: 2.59634

Client: 8, Client Deduplicate Time: 2.98716

Client: 9, Client Deduplicate Time: 2.69499


Total time for entire protocol: 37.9371

Wall clock time
Start time:  2025-11-11 13:19:55.032681
End time:  2025-11-11 13:21:46.718758

--------------------------------------------------------------------------------

================================================================================
Summary:
================================================================================
Protocol: TYPE2_DMPF
Total data with duplicates: 655580
Total data without duplicates: 557160
Duplicates removed: 98420
Deduplication rate: 15.01%
================================================================================
