✓ Using optimized Rust DMPF library
================================================================================
EP-MPD Protocol with DMPF (Distributed Multi-Point Functions)
================================================================================

Configuration:
  - Clients: 5
  - Elements per client: 32768
  - Duplication percentage: 30.0%
  - Random seed: 42

Total data points (with duplicates): 163845
Unique data points (expected): 139265

--------------------------------------------------------------------------------
Running TYPE2_DMPF (DMPF-based protocol)...
--------------------------------------------------------------------------------

DMPF Protocol Results:
  - Total time: 4.3883 seconds
  - Deduplicated elements: 139265


Setup time: 2.44512

Client: 0, Client Setup Time: 0.01878620800562203

Client: 1, Client Setup Time: 0.018271499997354113

Client: 2, Client Setup Time: 0.01413450097606983

Client: 3, Client Setup Time: 0.015350750007200986

Client: 4, Client Setup Time: 0.01454574998933822

Client: 0, TP Setup Time: 0.44866241699492093

Client: 1, TP Setup Time: 0.4388233750069048

Client: 2, TP Setup Time: 0.5175410830124747

Client: 3, TP Setup Time: 0.4221277500037104

Client: 4, TP Setup Time: 0.5368783340090886


Current Level:  2

Client: 4
Send Times:  [0.0]

Client: 4, Client Send Time: 5.830079317092896e-07

Client: 3
Receive Times:  [0.0]

Client: 3, Client Receive Time: 2.1249870769679546e-06

Send Time of Group 1: 0.0

Receive Time of Group 0: 0.0

Client: 3, Client Deduplicate Time: 0.2022


Current Level:  1

Client: 1
Send Times:  [1e-05]

Client: 1, Client Send Time: 5.6249991757795215e-06

Client: 3
Send Times:  [0.0]

Client: 3, Client Send Time: 4.8330111894756556e-06

Client: 4
Send Times:  [0.0]

Client: 4, Client Send Time: 2.500019036233425e-07

Client: 0
Receive Times:  [1e-05]

Client: 0, Client Receive Time: 6.916990969330072e-06

Client: 2
Receive Times:  [0.0, 0.0]

Client: 2, Client Receive Time: 2.4170003598555923e-06

Send Time of Group 1: 1e-05

Receive Time of Group 0: 1e-05

Client: 0, Client Deduplicate Time: 0.25907

Client: 2, Client Deduplicate Time: 0.38719


Current Level:  0

Client: 2
Send Times:  [0.0, 0.0]

Client: 2, Client Send Time: 4.292000085115433e-06

Client: 3
Send Times:  [0.0, 0.0]

Client: 3, Client Send Time: 2.500019036233425e-07

Client: 4
Send Times:  [0.0, 0.0]

Client: 4, Client Send Time: 1.66997779160738e-07

Client: 0
Receive Times:  [1e-05, 0.0, 0.0]

Client: 0, Client Receive Time: 5.542009603232145e-06

Client: 1
Receive Times:  [0.0, 0.0, 0.0]

Client: 1, Client Receive Time: 3.7500285543501377e-07

Send Time of Group 1: 0.0

Receive Time of Group 0: 1e-05

Client: 0, Client Deduplicate Time: 0.68346

Client: 1, Client Deduplicate Time: 0.40002


Total time for entire protocol: 3.718

Wall clock time
Start time:  2025-11-11 13:18:49.858344
End time:  2025-11-11 13:18:54.246553

--------------------------------------------------------------------------------

================================================================================
Summary:
================================================================================
Protocol: TYPE2_DMPF
Total data with duplicates: 163845
Total data without duplicates: 139265
Duplicates removed: 24580
Deduplication rate: 15.00%
================================================================================
