EG PSI Type:  EgPsiType.TYPE2

Setup time: 23855.21277

Client: 0, Client Setup Time: 1061.5645356394489

Client: 1, Client Setup Time: 1061.1536587039445

Client: 2, Client Setup Time: 1060.6669486368664

Client: 3, Client Setup Time: 1061.7947219281778

Client: 4, Client Setup Time: 1061.2249699512904

Client: 5, Client Setup Time: 1061.9187609073779

Client: 6, Client Setup Time: 1062.4222911402176

Client: 7, Client Setup Time: 1062.3481474172295

Client: 8, Client Setup Time: 1068.318362100028

Client: 9, Client Setup Time: 1062.0959605150201

Client: 10, Client Setup Time: 1059.9179340674455

Client: 11, Client Setup Time: 1061.1205316913256

Client: 12, Client Setup Time: 1070.6000758279915

Client: 13, Client Setup Time: 1061.8816318788377

Client: 14, Client Setup Time: 1061.915838334302

Client: 0, TP Setup Time: 527.0168899445489

Client: 1, TP Setup Time: 526.6913684620558

Client: 2, TP Setup Time: 526.6491659041312

Client: 3, TP Setup Time: 527.1336435298253

Client: 4, TP Setup Time: 526.9993676737067

Client: 5, TP Setup Time: 527.1691637176191

Client: 6, TP Setup Time: 527.2124251097848

Client: 7, TP Setup Time: 527.2664489577728

Client: 8, TP Setup Time: 530.4946512329698

Client: 9, TP Setup Time: 527.8000954439849

Client: 10, TP Setup Time: 526.914188349554

Client: 11, TP Setup Time: 527.0555524336742

Client: 12, TP Setup Time: 532.2497803810111

Client: 13, TP Setup Time: 527.7005182461653

Client: 14, TP Setup Time: 527.9151392907006


Current Level:  3

Client: 2
Send Times:  [1e-05]

Client: 2, Client Send Time: 7.999995432328433e-06

Client: 4
Send Times:  [0.0]

Client: 4, Client Send Time: 3.7500285543501377e-07

Client: 6
Send Times:  [0.0]

Client: 6, Client Send Time: 3.3299875212833285e-07

Client: 8
Send Times:  [0.0]

Client: 8, Client Send Time: 4.169996827840805e-07

Client: 10
Send Times:  [0.0]

Client: 10, Client Send Time: 4.5899651013314724e-07

Client: 12
Send Times:  [0.0]

Client: 12, Client Send Time: 3.749955794773996e-07

Client: 14
Send Times:  [0.0]

Client: 14, Client Send Time: 3.3300602808594704e-07

Client: 1
Receive Times:  [0.0]

Client: 1, Client Receive Time: 4.333000106271356e-06

Client: 3
Receive Times:  [0.0]

Client: 3, Client Receive Time: 5.830006557516754e-07

Client: 5
Receive Times:  [0.0]

Client: 5, Client Receive Time: 4.999965312890708e-07

Client: 7
Receive Times:  [0.0]

Client: 7, Client Receive Time: 3.7500285543501377e-07

Client: 9
Receive Times:  [0.0]

Client: 9, Client Receive Time: 5.830006557516754e-07

Client: 11
Receive Times:  [0.0]

Client: 11, Client Receive Time: 4.159956006333232e-07

Client: 13
Receive Times:  [0.0]

Client: 13, Client Receive Time: 4.579997039400041e-07

Send Time of Group 1: 1e-05

Receive Time of Group 0: 0.0

Client: 1, Client Deduplicate Time: 0.0052

Client: 3, Client Deduplicate Time: 0.00212

Client: 5, Client Deduplicate Time: 0.00218

Client: 7, Client Deduplicate Time: 0.00244

Client: 9, Client Deduplicate Time: 0.00236

Client: 11, Client Deduplicate Time: 0.00261

Client: 13, Client Deduplicate Time: 0.00242


Current Level:  2

Client: 1
Send Times:  [0.0]

Client: 1, Client Send Time: 5.840047379024327e-07

Client: 2
Send Times:  [0.0]

Client: 2, Client Send Time: 2.079978003166616e-07

Client: 5
Send Times:  [0.0, 0.0]

Client: 5, Client Send Time: 6.67001586407423e-07

Client: 6
Send Times:  [0.0, 0.0]

Client: 6, Client Send Time: 2.500019036233425e-07

Client: 9
Send Times:  [0.0, 0.0]

Client: 9, Client Send Time: 2.500019036233425e-07

Client: 10
Send Times:  [0.0, 0.0]

Client: 10, Client Send Time: 2.090018824674189e-07

Client: 13
Send Times:  [0.0, 0.0]

Client: 13, Client Send Time: 3.749955794773996e-07

Client: 14
Send Times:  [0.0, 0.0]

Client: 14, Client Send Time: 1.6700505511835217e-07

Client: 0
Receive Times:  [0.0, 0.0]

Client: 0, Client Receive Time: 1.0000003385357559e-06

Client: 3
Receive Times:  [0.0, 0.0]

Client: 3, Client Receive Time: 4.169996827840805e-07

Client: 4
Receive Times:  [0.0, 0.0]

Client: 4, Client Receive Time: 3.3299875212833285e-07

Client: 7
Receive Times:  [0.0, 0.0]

Client: 7, Client Receive Time: 3.7500285543501377e-07

Client: 8
Receive Times:  [0.0, 0.0]

Client: 8, Client Receive Time: 2.0899460650980473e-07

Client: 11
Receive Times:  [0.0, 0.0]

Client: 11, Client Receive Time: 2.910019247792661e-07

Client: 12
Receive Times:  [0.0, 0.0]

Client: 12, Client Receive Time: 2.4999462766572833e-07

Send Time of Group 1: 0.0

Receive Time of Group 0: 0.0

Client: 0, Client Deduplicate Time: 0.00395

Client: 3, Client Deduplicate Time: 0.00367

Client: 4, Client Deduplicate Time: 0.00397

Client: 7, Client Deduplicate Time: 0.00389

Client: 8, Client Deduplicate Time: 0.00406

Client: 11, Client Deduplicate Time: 0.00388

Client: 12, Client Deduplicate Time: 0.00422


Current Level:  1

Client: 3
Send Times:  [0.0, 0.0, 0.0]

Client: 3, Client Send Time: 3.3299875212833285e-07

Client: 4
Send Times:  [0.0, 0.0, 0.0]

Client: 4, Client Send Time: 2.090018824674189e-07

Client: 5
Send Times:  [0.0, 0.0, 0.0]

Client: 5, Client Send Time: 1.6700505511835217e-07

Client: 6
Send Times:  [0.0, 0.0, 0.0]

Client: 6, Client Send Time: 1.66997779160738e-07

Client: 11
Send Times:  [0.0, 0.0, 0.0, 0.0]

Client: 11, Client Send Time: 4.5899651013314724e-07

Client: 12
Send Times:  [0.0, 0.0, 0.0, 0.0]

Client: 12, Client Send Time: 1.6700505511835217e-07

Client: 13
Send Times:  [0.0, 0.0, 0.0, 0.0]

Client: 13, Client Send Time: 1.6700505511835217e-07

Client: 14
Send Times:  [0.0, 0.0, 0.0, 0.0]

Client: 14, Client Send Time: 1.66997779160738e-07

Client: 0
Receive Times:  [0.0, 0.0, 0.0, 0.0]

Client: 0, Client Receive Time: 4.160028765909374e-07

Client: 1
Receive Times:  [0.0, 0.0, 0.0, 0.0]

Client: 1, Client Receive Time: 2.500019036233425e-07

Client: 2
Receive Times:  [0.0, 0.0, 0.0, 0.0]

Client: 2, Client Receive Time: 2.0800507627427578e-07

Client: 7
Receive Times:  [0.0, 0.0, 0.0, 0.0]

Client: 7, Client Receive Time: 4.159956006333232e-07

Client: 8
Receive Times:  [0.0, 0.0, 0.0, 0.0]

Client: 8, Client Receive Time: 2.090018824674189e-07

Client: 9
Receive Times:  [0.0, 0.0, 0.0, 0.0]

Client: 9, Client Receive Time: 2.090018824674189e-07

Client: 10
Receive Times:  [0.0, 0.0, 0.0, 0.0]

Client: 10, Client Receive Time: 2.0800507627427578e-07

Send Time of Group 1: 0.0

Receive Time of Group 0: 0.0

Client: 0, Client Deduplicate Time: 0.00731

Client: 1, Client Deduplicate Time: 0.00746

Client: 2, Client Deduplicate Time: 0.00751

Client: 7, Client Deduplicate Time: 0.00735

Client: 8, Client Deduplicate Time: 0.00746

Client: 9, Client Deduplicate Time: 0.00747

Client: 10, Client Deduplicate Time: 0.008


Current Level:  0

Client: 7
Send Times:  [0.0, 0.0, 0.0, 0.0, 0.0, 0.0, 0.0]

Client: 7, Client Send Time: 5.00003807246685e-07

Client: 8
Send Times:  [0.0, 0.0, 0.0, 0.0, 0.0, 0.0, 0.0]

Client: 8, Client Send Time: 1.6700505511835217e-07

Client: 9
Send Times:  [0.0, 0.0, 0.0, 0.0, 0.0, 0.0, 0.0]

Client: 9, Client Send Time: 2.500019036233425e-07

Client: 10
Send Times:  [0.0, 0.0, 0.0, 0.0, 0.0, 0.0, 0.0]

Client: 10, Client Send Time: 1.66997779160738e-07

Client: 11
Send Times:  [0.0, 0.0, 0.0, 0.0, 0.0, 0.0, 0.0]

Client: 11, Client Send Time: 1.6700505511835217e-07

Client: 12
Send Times:  [0.0, 0.0, 0.0, 0.0, 0.0, 0.0, 0.0]

Client: 12, Client Send Time: 1.66997779160738e-07

Client: 13
Send Times:  [0.0, 0.0, 0.0, 0.0, 0.0, 0.0, 0.0]

Client: 13, Client Send Time: 2.0899460650980473e-07

Client: 14
Send Times:  [0.0, 0.0, 0.0, 0.0, 0.0, 0.0, 0.0]

Client: 14, Client Send Time: 1.66997779160738e-07

Client: 0
Receive Times:  [0.0, 0.0, 0.0, 0.0, 0.0, 0.0, 0.0, 0.0]

Client: 0, Client Receive Time: 5.409965524449944e-07

Client: 1
Receive Times:  [0.0, 0.0, 0.0, 0.0, 0.0, 0.0, 0.0, 0.0]

Client: 1, Client Receive Time: 2.090018824674189e-07

Client: 2
Receive Times:  [0.0, 0.0, 0.0, 0.0, 0.0, 0.0, 0.0, 0.0]

Client: 2, Client Receive Time: 2.0899460650980473e-07

Client: 3
Receive Times:  [0.0, 0.0, 0.0, 0.0, 0.0, 0.0, 0.0, 0.0]

Client: 3, Client Receive Time: 2.500019036233425e-07

Client: 4
Receive Times:  [0.0, 0.0, 0.0, 0.0, 0.0, 0.0, 0.0, 0.0]

Client: 4, Client Receive Time: 2.500019036233425e-07

Client: 5
Receive Times:  [0.0, 0.0, 0.0, 0.0, 0.0, 0.0, 0.0, 0.0]

Client: 5, Client Receive Time: 2.090018824674189e-07

Client: 6
Receive Times:  [0.0, 0.0, 0.0, 0.0, 0.0, 0.0, 0.0, 0.0]

Client: 6, Client Receive Time: 4.160028765909374e-07

Send Time of Group 1: 0.0

Receive Time of Group 0: 0.0

Client: 0, Client Deduplicate Time: 0.01448

Client: 1, Client Deduplicate Time: 0.01472

Client: 2, Client Deduplicate Time: 0.01457

Client: 3, Client Deduplicate Time: 0.01451

Client: 4, Client Deduplicate Time: 0.01475

Client: 5, Client Deduplicate Time: 0.01488

Client: 6, Client Deduplicate Time: 0.01474


Total time for entire protocol: 23855.24509

Wall clock time
Start time:  2025-09-18 04:26:18.076868
End time:  2025-09-18 11:29:48.815856

Total data with duplicates:  491685
Total data without duplicates:  417870
