EG PSI Type:  EgPsiType.TYPE2

Setup time: 39198.82487

Client: 0, Client Setup Time: 1089.1255308467516

Client: 1, Client Setup Time: 1063.0657981722034

Client: 2, Client Setup Time: 1055.9796031170117

Client: 3, Client Setup Time: 1074.4235398358142

Client: 4, Client Setup Time: 1051.1760301971372

Client: 5, Client Setup Time: 1066.7926304907305

Client: 6, Client Setup Time: 1058.2775264359661

Client: 7, Client Setup Time: 1046.1329954085813

Client: 8, Client Setup Time: 1040.4163113072282

Client: 9, Client Setup Time: 1039.905824891015

Client: 10, Client Setup Time: 1041.4966089360532

Client: 11, Client Setup Time: 1039.802976255538

Client: 12, Client Setup Time: 1040.658558167488

Client: 13, Client Setup Time: 1040.5586638294335

Client: 14, Client Setup Time: 1040.1163250331592

Client: 15, Client Setup Time: 1040.2343480734125

Client: 16, Client Setup Time: 1040.3326266627264

Client: 17, Client Setup Time: 1039.0503380360897

Client: 18, Client Setup Time: 1039.4893470114912

Client: 19, Client Setup Time: 1040.6469947955193

Client: 20, Client Setup Time: 1040.2977616292046

Client: 21, Client Setup Time: 1040.7364552468061

Client: 22, Client Setup Time: 1040.3653386770748

Client: 23, Client Setup Time: 1039.9490888923901

Client: 24, Client Setup Time: 1038.8074801973853

Client: 0, TP Setup Time: 541.1826094452554

Client: 1, TP Setup Time: 527.597329202792

Client: 2, TP Setup Time: 524.850333548995

Client: 3, TP Setup Time: 533.8887790811859

Client: 4, TP Setup Time: 522.6381385528512

Client: 5, TP Setup Time: 530.2763548422663

Client: 6, TP Setup Time: 525.5568914390315

Client: 7, TP Setup Time: 519.6477959244075

Client: 8, TP Setup Time: 516.7995642347669

Client: 9, TP Setup Time: 516.6898697759898

Client: 10, TP Setup Time: 517.2705217299517

Client: 11, TP Setup Time: 516.6677949114674

Client: 12, TP Setup Time: 516.9265904995118

Client: 13, TP Setup Time: 516.7881067125709

Client: 14, TP Setup Time: 516.7741957578401

Client: 15, TP Setup Time: 517.0004498855851

Client: 16, TP Setup Time: 516.8998137542658

Client: 17, TP Setup Time: 516.4478039219102

Client: 18, TP Setup Time: 516.505273321498

Client: 19, TP Setup Time: 516.7407627464854

Client: 20, TP Setup Time: 516.7803730368032

Client: 21, TP Setup Time: 517.0041651701904

Client: 22, TP Setup Time: 516.7554860729142

Client: 23, TP Setup Time: 517.02330319061

Client: 24, TP Setup Time: 516.273865927622


Current Level:  4

Client: 2
Send Times:  [1e-05]

Client: 2, Client Send Time: 5.416994099505246e-06

Client: 5
Send Times:  [0.0]

Client: 5, Client Send Time: 4.159956006333232e-07

Client: 8
Send Times:  [0.0]

Client: 8, Client Send Time: 4.1601015254855156e-07

Client: 11
Send Times:  [0.0]

Client: 11, Client Send Time: 2.9099464882165194e-07

Client: 14
Send Times:  [0.0]

Client: 14, Client Send Time: 7.499911589547992e-07

Client: 17
Send Times:  [0.0]

Client: 17, Client Send Time: 5.409965524449944e-07

Client: 20
Send Times:  [0.0]

Client: 20, Client Send Time: 3.7500285543501377e-07

Client: 22
Send Times:  [0.0]

Client: 22, Client Send Time: 2.9099464882165194e-07

Client: 24
Send Times:  [0.0]

Client: 24, Client Send Time: 4.169996827840805e-07

Client: 1
Receive Times:  [0.0]

Client: 1, Client Receive Time: 4.749992513097823e-06

Client: 4
Receive Times:  [0.0]

Client: 4, Client Receive Time: 4.5899651013314724e-07

Client: 7
Receive Times:  [0.0]

Client: 7, Client Receive Time: 7.499911589547992e-07

Client: 10
Receive Times:  [0.0]

Client: 10, Client Receive Time: 4.5899651013314724e-07

Client: 13
Receive Times:  [0.0]

Client: 13, Client Receive Time: 1.958003849722445e-06

Client: 16
Receive Times:  [0.0]

Client: 16, Client Receive Time: 5.00003807246685e-07

Client: 19
Receive Times:  [0.0]

Client: 19, Client Receive Time: 6.250047590583563e-07

Client: 21
Receive Times:  [0.0]

Client: 21, Client Receive Time: 8.329952834174037e-07

Client: 23
Receive Times:  [0.0]

Client: 23, Client Receive Time: 4.5799242798238993e-07

Send Time of Group 1: 1e-05

Receive Time of Group 0: 0.0

Client: 1, Client Deduplicate Time: 0.00575

Client: 4, Client Deduplicate Time: 0.00388

Client: 7, Client Deduplicate Time: 0.00344

Client: 10, Client Deduplicate Time: 0.00341

Client: 13, Client Deduplicate Time: 0.00339

Client: 16, Client Deduplicate Time: 0.00375

Client: 19, Client Deduplicate Time: 0.00384

Client: 21, Client Deduplicate Time: 0.00373

Client: 23, Client Deduplicate Time: 0.00224


Current Level:  3

Client: 1
Send Times:  [0.0]

Client: 1, Client Send Time: 5.829933797940612e-07

Client: 2
Send Times:  [0.0]

Client: 2, Client Send Time: 2.090091584250331e-07

Client: 4
Send Times:  [0.0]

Client: 4, Client Send Time: 4.1601015254855156e-07

Client: 5
Send Times:  [0.0]

Client: 5, Client Send Time: 2.090091584250331e-07

Client: 7
Send Times:  [0.0]

Client: 7, Client Send Time: 5.829933797940612e-07

Client: 8
Send Times:  [0.0]

Client: 8, Client Send Time: 2.0800507627427578e-07

Client: 10
Send Times:  [0.0]

Client: 10, Client Send Time: 3.7500285543501377e-07

Client: 11
Send Times:  [0.0]

Client: 11, Client Send Time: 1.6701233107596636e-07

Client: 13
Send Times:  [0.0]

Client: 13, Client Send Time: 5.829933797940612e-07

Client: 14
Send Times:  [0.0]

Client: 14, Client Send Time: 3.33995558321476e-07

Client: 16
Send Times:  [0.0]

Client: 16, Client Send Time: 3.7500285543501377e-07

Client: 17
Send Times:  [0.0]

Client: 17, Client Send Time: 2.4998735170811415e-07

Client: 19
Send Times:  [0.0]

Client: 19, Client Send Time: 4.159956006333232e-07

Client: 20
Send Times:  [0.0]

Client: 20, Client Send Time: 1.6701233107596636e-07

Client: 23
Send Times:  [0.0, 0.0]

Client: 23, Client Send Time: 3.3299147617071867e-07

Client: 24
Send Times:  [0.0, 0.0]

Client: 24, Client Send Time: 2.0899460650980473e-07

Client: 0
Receive Times:  [0.0, 0.0]

Client: 0, Client Receive Time: 1.00000761449337e-06

Client: 3
Receive Times:  [1e-05, 0.0]

Client: 3, Client Receive Time: 7.4590061558410525e-06

Client: 6
Receive Times:  [0.0, 0.0]

Client: 6, Client Receive Time: 5.839974619448185e-07

Client: 9
Receive Times:  [0.0, 0.0]

Client: 9, Client Receive Time: 4.169996827840805e-07

Client: 12
Receive Times:  [0.0, 0.0]

Client: 12, Client Receive Time: 7.920025382190943e-07

Client: 15
Receive Times:  [0.0, 0.0]

Client: 15, Client Receive Time: 5.409965524449944e-07

Client: 18
Receive Times:  [0.0, 0.0]

Client: 18, Client Receive Time: 6.67001586407423e-07

Client: 21
Receive Times:  [0.0, 0.0]

Client: 21, Client Receive Time: 4.580069798976183e-07

Client: 22
Receive Times:  [0.0, 0.0]

Client: 22, Client Receive Time: 2.9199873097240925e-07

Send Time of Group 1: 0.0

Receive Time of Group 0: 1e-05

Client: 0, Client Deduplicate Time: 0.00571

Client: 3, Client Deduplicate Time: 0.00547

Client: 6, Client Deduplicate Time: 0.00517

Client: 9, Client Deduplicate Time: 0.00502

Client: 12, Client Deduplicate Time: 0.00515

Client: 15, Client Deduplicate Time: 0.00515

Client: 18, Client Deduplicate Time: 0.00553

Client: 21, Client Deduplicate Time: 0.00449

Client: 22, Client Deduplicate Time: 0.00407


Current Level:  2

Client: 3
Send Times:  [0.0, 0.0, 0.0]

Client: 3, Client Send Time: 5.420006345957518e-07

Client: 4
Send Times:  [0.0, 0.0, 0.0]

Client: 4, Client Send Time: 2.500019036233425e-07

Client: 5
Send Times:  [0.0, 0.0, 0.0]

Client: 5, Client Send Time: 1.6701233107596636e-07

Client: 9
Send Times:  [0.0, 0.0, 0.0]

Client: 9, Client Send Time: 4.169996827840805e-07

Client: 10
Send Times:  [0.0, 0.0, 0.0]

Client: 10, Client Send Time: 1.6701233107596636e-07

Client: 11
Send Times:  [0.0, 0.0, 0.0]

Client: 11, Client Send Time: 1.66997779160738e-07

Client: 15
Send Times:  [0.0, 0.0, 0.0]

Client: 15, Client Send Time: 2.9199873097240925e-07

Client: 16
Send Times:  [0.0, 0.0, 0.0]

Client: 16, Client Send Time: 1.66997779160738e-07

Client: 17
Send Times:  [0.0, 0.0, 0.0]

Client: 17, Client Send Time: 1.6701233107596636e-07

Client: 21
Send Times:  [0.0, 0.0, 0.0]

Client: 21, Client Send Time: 3.3299147617071867e-07

Client: 22
Send Times:  [0.0, 0.0, 0.0]

Client: 22, Client Send Time: 1.6701233107596636e-07

Client: 23
Send Times:  [0.0, 0.0, 0.0]

Client: 23, Client Send Time: 1.66997779160738e-07

Client: 24
Send Times:  [0.0, 0.0, 0.0]

Client: 24, Client Send Time: 1.6600824892520905e-07

Client: 0
Receive Times:  [0.0, 0.0, 0.0]

Client: 0, Client Receive Time: 7.079943316057324e-07

Client: 1
Receive Times:  [0.0, 0.0, 0.0]

Client: 1, Client Receive Time: 2.9099464882165194e-07

Client: 2
Receive Times:  [0.0, 0.0, 0.0]

Client: 2, Client Receive Time: 2.9199873097240925e-07

Client: 6
Receive Times:  [0.0, 0.0, 0.0]

Client: 6, Client Receive Time: 2.910092007368803e-07

Client: 7
Receive Times:  [0.0, 0.0, 0.0]

Client: 7, Client Receive Time: 2.0800507627427578e-07

Client: 8
Receive Times:  [0.0, 0.0, 0.0]

Client: 8, Client Receive Time: 2.4998735170811415e-07

Client: 12
Receive Times:  [0.0, 0.0, 0.0]

Client: 12, Client Receive Time: 4.5799242798238993e-07

Client: 13
Receive Times:  [0.0, 0.0, 0.0]

Client: 13, Client Receive Time: 2.0899460650980473e-07

Client: 14
Receive Times:  [0.0, 0.0, 0.0]

Client: 14, Client Receive Time: 2.9099464882165194e-07

Client: 18
Receive Times:  [0.0, 0.0, 0.0, 0.0]

Client: 18, Client Receive Time: 4.580069798976183e-07

Client: 19
Receive Times:  [0.0, 0.0, 0.0, 0.0]

Client: 19, Client Receive Time: 2.0899460650980473e-07

Client: 20
Receive Times:  [0.0, 0.0, 0.0, 0.0]

Client: 20, Client Receive Time: 2.9099464882165194e-07

Send Time of Group 1: 0.0

Receive Time of Group 0: 0.0

Client: 0, Client Deduplicate Time: 0.00658

Client: 1, Client Deduplicate Time: 0.00535

Client: 2, Client Deduplicate Time: 0.0064

Client: 6, Client Deduplicate Time: 0.00638

Client: 7, Client Deduplicate Time: 0.00548

Client: 8, Client Deduplicate Time: 0.00571

Client: 12, Client Deduplicate Time: 0.00633

Client: 13, Client Deduplicate Time: 0.0052

Client: 14, Client Deduplicate Time: 0.00573

Client: 18, Client Deduplicate Time: 0.0085

Client: 19, Client Deduplicate Time: 0.00694

Client: 20, Client Deduplicate Time: 0.00756


Current Level:  1

Client: 6
Send Times:  [0.0, 0.0, 0.0, 0.0, 0.0, 0.0]

Client: 6, Client Send Time: 3.7500285543501377e-07

Client: 7
Send Times:  [0.0, 0.0, 0.0, 0.0, 0.0, 0.0]

Client: 7, Client Send Time: 1.66997779160738e-07

Client: 8
Send Times:  [0.0, 0.0, 0.0, 0.0, 0.0, 0.0]

Client: 8, Client Send Time: 2.0800507627427578e-07

Client: 9
Send Times:  [0.0, 0.0, 0.0, 0.0, 0.0, 0.0]

Client: 9, Client Send Time: 2.090091584250331e-07

Client: 10
Send Times:  [0.0, 0.0, 0.0, 0.0, 0.0, 0.0]

Client: 10, Client Send Time: 2.0800507627427578e-07

Client: 11
Send Times:  [0.0, 0.0, 0.0, 0.0, 0.0, 0.0]

Client: 11, Client Send Time: 1.66997779160738e-07

Client: 18
Send Times:  [0.0, 0.0, 0.0, 0.0, 0.0, 0.0]

Client: 18, Client Send Time: 1.0829971870407462e-06

Client: 19
Send Times:  [0.0, 0.0, 0.0, 0.0, 0.0, 0.0]

Client: 19, Client Send Time: 2.9199873097240925e-07

Client: 20
Send Times:  [0.0, 0.0, 0.0, 0.0, 0.0, 0.0]

Client: 20, Client Send Time: 2.0800507627427578e-07

Client: 21
Send Times:  [0.0, 0.0, 0.0, 0.0, 0.0, 0.0]

Client: 21, Client Send Time: 1.66997779160738e-07

Client: 22
Send Times:  [0.0, 0.0, 0.0, 0.0, 0.0, 0.0]

Client: 22, Client Send Time: 1.6701233107596636e-07

Client: 23
Send Times:  [0.0, 0.0, 0.0, 0.0, 0.0, 0.0]

Client: 23, Client Send Time: 1.6701233107596636e-07

Client: 24
Send Times:  [0.0, 0.0, 0.0, 0.0, 0.0, 0.0]

Client: 24, Client Send Time: 2.079905243590474e-07

Client: 0
Receive Times:  [0.0, 0.0, 0.0, 0.0, 0.0, 0.0]

Client: 0, Client Receive Time: 3.5410048440098763e-06

Client: 1
Receive Times:  [0.0, 0.0, 0.0, 0.0, 0.0, 0.0]

Client: 1, Client Receive Time: 1.0829971870407462e-06

Client: 2
Receive Times:  [0.0, 0.0, 0.0, 0.0, 0.0, 0.0]

Client: 2, Client Receive Time: 3.3299147617071867e-07

Client: 3
Receive Times:  [0.0, 0.0, 0.0, 0.0, 0.0, 0.0]

Client: 3, Client Receive Time: 3.7500285543501377e-07

Client: 4
Receive Times:  [0.0, 0.0, 0.0, 0.0, 0.0, 0.0]

Client: 4, Client Receive Time: 2.500019036233425e-07

Client: 5
Receive Times:  [0.0, 0.0, 0.0, 0.0, 0.0, 0.0]

Client: 5, Client Receive Time: 2.0899460650980473e-07

Client: 12
Receive Times:  [0.0, 0.0, 0.0, 0.0, 0.0, 0.0, 0.0]

Client: 12, Client Receive Time: 5.409965524449944e-07

Client: 13
Receive Times:  [0.0, 0.0, 0.0, 0.0, 0.0, 0.0, 0.0]

Client: 13, Client Receive Time: 2.500019036233425e-07

Client: 14
Receive Times:  [0.0, 0.0, 0.0, 0.0, 0.0, 0.0, 0.0]

Client: 14, Client Receive Time: 2.500019036233425e-07

Client: 15
Receive Times:  [0.0, 0.0, 0.0, 0.0, 0.0, 0.0, 0.0]

Client: 15, Client Receive Time: 2.500019036233425e-07

Client: 16
Receive Times:  [0.0, 0.0, 0.0, 0.0, 0.0, 0.0, 0.0]

Client: 16, Client Receive Time: 2.090091584250331e-07

Client: 17
Receive Times:  [0.0, 0.0, 0.0, 0.0, 0.0, 0.0, 0.0]

Client: 17, Client Receive Time: 3.7500285543501377e-07

Send Time of Group 1: 0.0

Receive Time of Group 0: 0.0

Client: 0, Client Deduplicate Time: 0.01172

Client: 1, Client Deduplicate Time: 0.01051

Client: 2, Client Deduplicate Time: 0.01063

Client: 3, Client Deduplicate Time: 0.0105

Client: 4, Client Deduplicate Time: 0.01035

Client: 5, Client Deduplicate Time: 0.01089

Client: 12, Client Deduplicate Time: 0.01366

Client: 13, Client Deduplicate Time: 0.01227

Client: 14, Client Deduplicate Time: 0.01224

Client: 15, Client Deduplicate Time: 0.0123

Client: 16, Client Deduplicate Time: 0.01212

Client: 17, Client Deduplicate Time: 0.01263


Current Level:  0

Client: 12
Send Times:  [0.0, 0.0, 0.0, 0.0, 0.0, 0.0, 0.0, 0.0, 0.0, 0.0, 0.0, 0.0]

Client: 12, Client Send Time: 5.00003807246685e-07

Client: 13
Send Times:  [0.0, 0.0, 0.0, 0.0, 0.0, 0.0, 0.0, 0.0, 0.0, 0.0, 0.0, 0.0]

Client: 13, Client Send Time: 2.090091584250331e-07

Client: 14
Send Times:  [0.0, 0.0, 0.0, 0.0, 0.0, 0.0, 0.0, 0.0, 0.0, 0.0, 0.0, 0.0]

Client: 14, Client Send Time: 2.910092007368803e-07

Client: 15
Send Times:  [0.0, 0.0, 0.0, 0.0, 0.0, 0.0, 0.0, 0.0, 0.0, 0.0, 0.0, 0.0]

Client: 15, Client Send Time: 2.9099464882165194e-07

Client: 16
Send Times:  [0.0, 0.0, 0.0, 0.0, 0.0, 0.0, 0.0, 0.0, 0.0, 0.0, 0.0, 0.0]

Client: 16, Client Send Time: 2.500019036233425e-07

Client: 17
Send Times:  [0.0, 0.0, 0.0, 0.0, 0.0, 0.0, 0.0, 0.0, 0.0, 0.0, 0.0, 0.0]

Client: 17, Client Send Time: 2.500019036233425e-07

Client: 18
Send Times:  [0.0, 0.0, 0.0, 0.0, 0.0, 0.0, 0.0, 0.0, 0.0, 0.0, 0.0, 0.0]

Client: 18, Client Send Time: 1.66997779160738e-07

Client: 19
Send Times:  [0.0, 0.0, 0.0, 0.0, 0.0, 0.0, 0.0, 0.0, 0.0, 0.0, 0.0, 0.0]

Client: 19, Client Send Time: 1.66997779160738e-07

Client: 20
Send Times:  [0.0, 0.0, 0.0, 0.0, 0.0, 0.0, 0.0, 0.0, 0.0, 0.0, 0.0, 0.0]

Client: 20, Client Send Time: 1.6701233107596636e-07

Client: 21
Send Times:  [0.0, 0.0, 0.0, 0.0, 0.0, 0.0, 0.0, 0.0, 0.0, 0.0, 0.0, 0.0]

Client: 21, Client Send Time: 1.66997779160738e-07

Client: 22
Send Times:  [0.0, 0.0, 0.0, 0.0, 0.0, 0.0, 0.0, 0.0, 0.0, 0.0, 0.0, 0.0]

Client: 22, Client Send Time: 1.66997779160738e-07

Client: 23
Send Times:  [0.0, 0.0, 0.0, 0.0, 0.0, 0.0, 0.0, 0.0, 0.0, 0.0, 0.0, 0.0]

Client: 23, Client Send Time: 1.6701233107596636e-07

Client: 24
Send Times:  [0.0, 0.0, 0.0, 0.0, 0.0, 0.0, 0.0, 0.0, 0.0, 0.0, 0.0, 0.0]

Client: 24, Client Send Time: 1.6701233107596636e-07

Client: 0
Receive Times:  [0.0, 0.0, 0.0, 0.0, 0.0, 0.0, 0.0, 0.0, 0.0, 0.0, 0.0, 0.0, 0.0]

Client: 0, Client Receive Time: 8.33999365568161e-07

Client: 1
Receive Times:  [0.0, 0.0, 0.0, 0.0, 0.0, 0.0, 0.0, 0.0, 0.0, 0.0, 0.0, 0.0, 0.0]

Client: 1, Client Receive Time: 3.7500285543501377e-07

Client: 2
Receive Times:  [0.0, 0.0, 0.0, 0.0, 0.0, 0.0, 0.0, 0.0, 0.0, 0.0, 0.0, 0.0, 0.0]

Client: 2, Client Receive Time: 3.3300602808594704e-07

Client: 3
Receive Times:  [0.0, 0.0, 0.0, 0.0, 0.0, 0.0, 0.0, 0.0, 0.0, 0.0, 0.0, 0.0, 0.0]

Client: 3, Client Receive Time: 3.7500285543501377e-07

Client: 4
Receive Times:  [0.0, 0.0, 0.0, 0.0, 0.0, 0.0, 0.0, 0.0, 0.0, 0.0, 0.0, 0.0, 0.0]

Client: 4, Client Receive Time: 5.00003807246685e-07

Client: 5
Receive Times:  [0.0, 0.0, 0.0, 0.0, 0.0, 0.0, 0.0, 0.0, 0.0, 0.0, 0.0, 0.0, 0.0]

Client: 5, Client Receive Time: 3.33995558321476e-07

Client: 6
Receive Times:  [0.0, 0.0, 0.0, 0.0, 0.0, 0.0, 0.0, 0.0, 0.0, 0.0, 0.0, 0.0, 0.0]

Client: 6, Client Receive Time: 1.4160032151266932e-06

Client: 7
Receive Times:  [0.0, 0.0, 0.0, 0.0, 0.0, 0.0, 0.0, 0.0, 0.0, 0.0, 0.0, 0.0, 0.0]

Client: 7, Client Receive Time: 3.33995558321476e-07

Client: 8
Receive Times:  [0.0, 0.0, 0.0, 0.0, 0.0, 0.0, 0.0, 0.0, 0.0, 0.0, 0.0, 0.0, 0.0]

Client: 8, Client Receive Time: 2.9199873097240925e-07

Client: 9
Receive Times:  [0.0, 0.0, 0.0, 0.0, 0.0, 0.0, 0.0, 0.0, 0.0, 0.0, 0.0, 0.0, 0.0]

Client: 9, Client Receive Time: 6.67001586407423e-07

Client: 10
Receive Times:  [0.0, 0.0, 0.0, 0.0, 0.0, 0.0, 0.0, 0.0, 0.0, 0.0, 0.0, 0.0, 0.0]

Client: 10, Client Receive Time: 3.7500285543501377e-07

Client: 11
Receive Times:  [0.0, 0.0, 0.0, 0.0, 0.0, 0.0, 0.0, 0.0, 0.0, 0.0, 0.0, 0.0, 0.0]

Client: 11, Client Receive Time: 3.3299147617071867e-07

Send Time of Group 1: 0.0

Receive Time of Group 0: 0.0

Client: 0, Client Deduplicate Time: 0.02386

Client: 1, Client Deduplicate Time: 0.02407

Client: 2, Client Deduplicate Time: 0.02289

Client: 3, Client Deduplicate Time: 0.02226

Client: 4, Client Deduplicate Time: 0.02286

Client: 5, Client Deduplicate Time: 0.02256

Client: 6, Client Deduplicate Time: 0.02248

Client: 7, Client Deduplicate Time: 0.02215

Client: 8, Client Deduplicate Time: 0.02245

Client: 9, Client Deduplicate Time: 0.02219

Client: 10, Client Deduplicate Time: 0.02206

Client: 11, Client Deduplicate Time: 0.02303


Total time for entire protocol: 39198.8826

Wall clock time
Start time:  2025-09-18 20:46:53.961526
End time:  2025-09-19 08:23:09.870425

Total data with duplicates:  819425
Total data without duplicates:  696425
