EG PSI Type:  EgPsiType.TYPE2

Setup time: 31356.6135

Client: 0, Client Setup Time: 1037.5976719335522

Client: 1, Client Setup Time: 1038.1809453681126

Client: 2, Client Setup Time: 1037.8847182187455

Client: 3, Client Setup Time: 1039.225917989519

Client: 4, Client Setup Time: 1069.6976089854652

Client: 5, Client Setup Time: 1069.846322182042

Client: 6, Client Setup Time: 1081.2556598951342

Client: 7, Client Setup Time: 1040.0285016812777

Client: 8, Client Setup Time: 1045.8911674849223

Client: 9, Client Setup Time: 1039.097705297434

Client: 10, Client Setup Time: 1037.6981449045124

Client: 11, Client Setup Time: 1037.8029234016576

Client: 12, Client Setup Time: 1054.228159142236

Client: 13, Client Setup Time: 1070.5641307938058

Client: 14, Client Setup Time: 1062.5160933458392

Client: 15, Client Setup Time: 1040.0518213397445

Client: 16, Client Setup Time: 1037.9752419489523

Client: 17, Client Setup Time: 1037.1674890987488

Client: 18, Client Setup Time: 1036.6893316650385

Client: 19, Client Setup Time: 1038.6477936566953

Client: 0, TP Setup Time: 515.4993304834497

Client: 1, TP Setup Time: 515.5716557568812

Client: 2, TP Setup Time: 515.3434054062527

Client: 3, TP Setup Time: 516.4779507184867

Client: 4, TP Setup Time: 531.9334261815311

Client: 5, TP Setup Time: 530.530773233957

Client: 6, TP Setup Time: 535.6041261458668

Client: 7, TP Setup Time: 516.7387948187243

Client: 8, TP Setup Time: 519.5846784730675

Client: 9, TP Setup Time: 515.4464362445724

Client: 10, TP Setup Time: 515.3589625534805

Client: 11, TP Setup Time: 515.0524590983405

Client: 12, TP Setup Time: 523.6311438987759

Client: 13, TP Setup Time: 531.8986034141853

Client: 14, TP Setup Time: 527.7035605711717

Client: 15, TP Setup Time: 516.2789246602479

Client: 16, TP Setup Time: 515.8238826760498

Client: 17, TP Setup Time: 515.1917856102518

Client: 18, TP Setup Time: 515.1554831679678

Client: 19, TP Setup Time: 515.7407638013101


Current Level:  4

Client: 4
Send Times:  [0.0]

Client: 4, Client Send Time: 8.330098353326321e-07

Client: 9
Send Times:  [0.0]

Client: 9, Client Send Time: 7.499911589547992e-07

Client: 14
Send Times:  [0.0]

Client: 14, Client Send Time: 4.169996827840805e-07

Client: 19
Send Times:  [0.0]

Client: 19, Client Send Time: 4.580069798976183e-07

Client: 3
Receive Times:  [0.0]

Client: 3, Client Receive Time: 9.57996235229075e-07

Client: 8
Receive Times:  [0.0]

Client: 8, Client Receive Time: 2.125001628883183e-06

Client: 13
Receive Times:  [0.0]

Client: 13, Client Receive Time: 5.00003807246685e-07

Client: 18
Receive Times:  [0.0]

Client: 18, Client Receive Time: 4.5899651013314724e-07

Send Time of Group 1: 0.0

Receive Time of Group 0: 0.0

Client: 3, Client Deduplicate Time: 0.00839

Client: 8, Client Deduplicate Time: 0.00771

Client: 13, Client Deduplicate Time: 0.00488

Client: 18, Client Deduplicate Time: 0.00568


Current Level:  3

Client: 1
Send Times:  [0.0]

Client: 1, Client Send Time: 1.2920063454657793e-06

Client: 3
Send Times:  [0.0]

Client: 3, Client Send Time: 4.5899651013314724e-07

Client: 4
Send Times:  [0.0]

Client: 4, Client Send Time: 2.500019036233425e-07

Client: 6
Send Times:  [0.0]

Client: 6, Client Send Time: 5.420006345957518e-07

Client: 8
Send Times:  [0.0]

Client: 8, Client Send Time: 7.079943316057324e-07

Client: 9
Send Times:  [0.0]

Client: 9, Client Send Time: 2.500019036233425e-07

Client: 11
Send Times:  [0.0]

Client: 11, Client Send Time: 7.920025382190943e-07

Client: 13
Send Times:  [0.0]

Client: 13, Client Send Time: 4.5799242798238993e-07

Client: 14
Send Times:  [0.0]

Client: 14, Client Send Time: 2.0899460650980473e-07

Client: 16
Send Times:  [0.0]

Client: 16, Client Send Time: 5.409965524449944e-07

Client: 18
Send Times:  [0.0]

Client: 18, Client Send Time: 5.00003807246685e-07

Client: 19
Send Times:  [0.0]

Client: 19, Client Send Time: 2.0899460650980473e-07

Client: 0
Receive Times:  [2e-05]

Client: 0, Client Receive Time: 1.7707992810755968e-05

Client: 2
Receive Times:  [0.0, 0.0]

Client: 2, Client Receive Time: 1.2920063454657793e-06

Client: 5
Receive Times:  [0.0]

Client: 5, Client Receive Time: 7.920025382190943e-07

Client: 7
Receive Times:  [0.0, 0.0]

Client: 7, Client Receive Time: 9.999930625781417e-07

Client: 10
Receive Times:  [0.0]

Client: 10, Client Receive Time: 4.580069798976183e-07

Client: 12
Receive Times:  [0.0, 0.0]

Client: 12, Client Receive Time: 5.410111043602228e-07

Client: 15
Receive Times:  [0.0]

Client: 15, Client Receive Time: 7.500057108700275e-07

Client: 17
Receive Times:  [0.0, 0.0]

Client: 17, Client Receive Time: 6.67001586407423e-07

Send Time of Group 1: 0.0

Receive Time of Group 0: 2e-05

Client: 0, Client Deduplicate Time: 0.0114

Client: 2, Client Deduplicate Time: 0.00751

Client: 5, Client Deduplicate Time: 0.00789

Client: 7, Client Deduplicate Time: 0.01154

Client: 10, Client Deduplicate Time: 0.00581

Client: 12, Client Deduplicate Time: 0.01165

Client: 15, Client Deduplicate Time: 0.00374

Client: 17, Client Deduplicate Time: 0.0058


Current Level:  2

Client: 2
Send Times:  [0.0, 0.0]

Client: 2, Client Send Time: 4.169996827840805e-07

Client: 3
Send Times:  [0.0, 0.0]

Client: 3, Client Send Time: 2.500019036233425e-07

Client: 4
Send Times:  [0.0, 0.0]

Client: 4, Client Send Time: 1.6701233107596636e-07

Client: 7
Send Times:  [0.0, 0.0]

Client: 7, Client Send Time: 7.500057108700275e-07

Client: 8
Send Times:  [0.0, 0.0]

Client: 8, Client Send Time: 4.159956006333232e-07

Client: 9
Send Times:  [0.0, 0.0]

Client: 9, Client Send Time: 1.66997779160738e-07

Client: 12
Send Times:  [0.0, 0.0]

Client: 12, Client Send Time: 4.169996827840805e-07

Client: 13
Send Times:  [0.0, 0.0]

Client: 13, Client Send Time: 1.66997779160738e-07

Client: 14
Send Times:  [0.0, 0.0]

Client: 14, Client Send Time: 2.079905243590474e-07

Client: 17
Send Times:  [0.0, 0.0]

Client: 17, Client Send Time: 5.420006345957518e-07

Client: 18
Send Times:  [0.0, 0.0]

Client: 18, Client Send Time: 1.66997779160738e-07

Client: 19
Send Times:  [0.0, 0.0]

Client: 19, Client Send Time: 1.6701233107596636e-07

Client: 0
Receive Times:  [0.0, 0.0, 0.0]

Client: 0, Client Receive Time: 4.159956006333232e-07

Client: 1
Receive Times:  [0.0, 0.0, 0.0]

Client: 1, Client Receive Time: 2.4998735170811415e-07

Client: 5
Receive Times:  [0.0, 0.0, 0.0]

Client: 5, Client Receive Time: 9.159994078800082e-07

Client: 6
Receive Times:  [0.0, 0.0, 0.0]

Client: 6, Client Receive Time: 4.04199818149209e-06

Client: 10
Receive Times:  [0.0, 0.0, 0.0]

Client: 10, Client Receive Time: 4.5899651013314724e-07

Client: 11
Receive Times:  [0.0, 0.0, 0.0]

Client: 11, Client Receive Time: 2.9199873097240925e-07

Client: 15
Receive Times:  [0.0, 0.0, 0.0]

Client: 15, Client Receive Time: 5.420006345957518e-07

Client: 16
Receive Times:  [0.0, 0.0, 0.0]

Client: 16, Client Receive Time: 4.169996827840805e-07

Send Time of Group 1: 0.0

Receive Time of Group 0: 0.0

Client: 0, Client Deduplicate Time: 0.00781

Client: 1, Client Deduplicate Time: 0.00806

Client: 5, Client Deduplicate Time: 0.00777

Client: 6, Client Deduplicate Time: 0.01472

Client: 10, Client Deduplicate Time: 0.00945

Client: 11, Client Deduplicate Time: 0.01129

Client: 15, Client Deduplicate Time: 0.00759

Client: 16, Client Deduplicate Time: 0.00652


Current Level:  1

Client: 5
Send Times:  [0.0, 0.0, 0.0, 0.0, 0.0]

Client: 5, Client Send Time: 4.5799242798238993e-07

Client: 6
Send Times:  [0.0, 0.0, 0.0, 0.0, 0.0]

Client: 6, Client Send Time: 1.6701233107596636e-07

Client: 7
Send Times:  [0.0, 0.0, 0.0, 0.0, 0.0]

Client: 7, Client Send Time: 2.500019036233425e-07

Client: 8
Send Times:  [0.0, 0.0, 0.0, 0.0, 0.0]

Client: 8, Client Send Time: 1.6701233107596636e-07

Client: 9
Send Times:  [0.0, 0.0, 0.0, 0.0, 0.0]

Client: 9, Client Send Time: 1.66997779160738e-07

Client: 15
Send Times:  [0.0, 0.0, 0.0, 0.0, 0.0]

Client: 15, Client Send Time: 7.920025382190943e-07

Client: 16
Send Times:  [0.0, 0.0, 0.0, 0.0, 0.0]

Client: 16, Client Send Time: 1.66997779160738e-07

Client: 17
Send Times:  [0.0, 0.0, 0.0, 0.0, 0.0]

Client: 17, Client Send Time: 2.090091584250331e-07

Client: 18
Send Times:  [0.0, 0.0, 0.0, 0.0, 0.0]

Client: 18, Client Send Time: 1.6701233107596636e-07

Client: 19
Send Times:  [0.0, 0.0, 0.0, 0.0, 0.0]

Client: 19, Client Send Time: 1.66997779160738e-07

Client: 0
Receive Times:  [0.0, 0.0, 0.0, 0.0, 0.0]

Client: 0, Client Receive Time: 1.3749959180131555e-06

Client: 1
Receive Times:  [0.0, 0.0, 0.0, 0.0, 0.0]

Client: 1, Client Receive Time: 4.159956006333232e-07

Client: 2
Receive Times:  [0.0, 0.0, 0.0, 0.0, 0.0]

Client: 2, Client Receive Time: 4.169996827840805e-07

Client: 3
Receive Times:  [0.0, 0.0, 0.0, 0.0, 0.0]

Client: 3, Client Receive Time: 2.9199873097240925e-07

Client: 4
Receive Times:  [0.0, 0.0, 0.0, 0.0, 0.0]

Client: 4, Client Receive Time: 1.291002263315022e-06

Client: 10
Receive Times:  [0.0, 0.0, 0.0, 0.0, 0.0]

Client: 10, Client Receive Time: 8.749921107664704e-07

Client: 11
Receive Times:  [0.0, 0.0, 0.0, 0.0, 0.0]

Client: 11, Client Receive Time: 2.9099464882165194e-07

Client: 12
Receive Times:  [0.0, 0.0, 0.0, 0.0, 0.0]

Client: 12, Client Receive Time: 3.749883035197854e-07

Client: 13
Receive Times:  [0.0, 0.0, 0.0, 0.0, 0.0]

Client: 13, Client Receive Time: 2.9099464882165194e-07

Client: 14
Receive Times:  [0.0, 0.0, 0.0, 0.0, 0.0]

Client: 14, Client Receive Time: 2.9099464882165194e-07

Send Time of Group 1: 0.0

Receive Time of Group 0: 0.0

Client: 0, Client Deduplicate Time: 0.01104

Client: 1, Client Deduplicate Time: 0.00957

Client: 2, Client Deduplicate Time: 0.00985

Client: 3, Client Deduplicate Time: 0.01104

Client: 4, Client Deduplicate Time: 0.01472

Client: 10, Client Deduplicate Time: 0.01284

Client: 11, Client Deduplicate Time: 0.01237

Client: 12, Client Deduplicate Time: 0.01077

Client: 13, Client Deduplicate Time: 0.00992

Client: 14, Client Deduplicate Time: 0.01036


Current Level:  0

Client: 10
Send Times:  [0.0, 0.0, 0.0, 0.0, 0.0, 0.0, 0.0, 0.0, 0.0, 0.0]

Client: 10, Client Send Time: 5.829933797940612e-07

Client: 11
Send Times:  [0.0, 0.0, 0.0, 0.0, 0.0, 0.0, 0.0, 0.0, 0.0, 0.0]

Client: 11, Client Send Time: 1.66997779160738e-07

Client: 12
Send Times:  [0.0, 0.0, 0.0, 0.0, 0.0, 0.0, 0.0, 0.0, 0.0, 0.0]

Client: 12, Client Send Time: 1.66997779160738e-07

Client: 13
Send Times:  [0.0, 0.0, 0.0, 0.0, 0.0, 0.0, 0.0, 0.0, 0.0, 0.0]

Client: 13, Client Send Time: 2.079905243590474e-07

Client: 14
Send Times:  [0.0, 0.0, 0.0, 0.0, 0.0, 0.0, 0.0, 0.0, 0.0, 0.0]

Client: 14, Client Send Time: 1.6701233107596636e-07

Client: 15
Send Times:  [0.0, 0.0, 0.0, 0.0, 0.0, 0.0, 0.0, 0.0, 0.0, 0.0]

Client: 15, Client Send Time: 1.6701233107596636e-07

Client: 16
Send Times:  [0.0, 0.0, 0.0, 0.0, 0.0, 0.0, 0.0, 0.0, 0.0, 0.0]

Client: 16, Client Send Time: 1.6701233107596636e-07

Client: 17
Send Times:  [0.0, 0.0, 0.0, 0.0, 0.0, 0.0, 0.0, 0.0, 0.0, 0.0]

Client: 17, Client Send Time: 2.0899460650980473e-07

Client: 18
Send Times:  [0.0, 0.0, 0.0, 0.0, 0.0, 0.0, 0.0, 0.0, 0.0, 0.0]

Client: 18, Client Send Time: 1.6701233107596636e-07

Client: 19
Send Times:  [0.0, 0.0, 0.0, 0.0, 0.0, 0.0, 0.0, 0.0, 0.0, 0.0]

Client: 19, Client Send Time: 2.500019036233425e-07

Client: 0
Receive Times:  [0.0, 0.0, 0.0, 0.0, 0.0, 0.0, 0.0, 0.0, 0.0, 0.0]

Client: 0, Client Receive Time: 9.580107871443033e-07

Client: 1
Receive Times:  [0.0, 0.0, 0.0, 0.0, 0.0, 0.0, 0.0, 0.0, 0.0, 0.0]

Client: 1, Client Receive Time: 2.9199873097240925e-07

Client: 2
Receive Times:  [0.0, 0.0, 0.0, 0.0, 0.0, 0.0, 0.0, 0.0, 0.0, 0.0]

Client: 2, Client Receive Time: 2.500019036233425e-07

Client: 3
Receive Times:  [0.0, 0.0, 0.0, 0.0, 0.0, 0.0, 0.0, 0.0, 0.0, 0.0]

Client: 3, Client Receive Time: 2.500019036233425e-07

Client: 4
Receive Times:  [0.0, 0.0, 0.0, 0.0, 0.0, 0.0, 0.0, 0.0, 0.0, 0.0]

Client: 4, Client Receive Time: 2.500019036233425e-07

Client: 5
Receive Times:  [0.0, 0.0, 0.0, 0.0, 0.0, 0.0, 0.0, 0.0, 0.0, 0.0]

Client: 5, Client Receive Time: 2.9199873097240925e-07

Client: 6
Receive Times:  [0.0, 0.0, 0.0, 0.0, 0.0, 0.0, 0.0, 0.0, 0.0, 0.0]

Client: 6, Client Receive Time: 2.4998735170811415e-07

Client: 7
Receive Times:  [0.0, 0.0, 0.0, 0.0, 0.0, 0.0, 0.0, 0.0, 0.0, 0.0]

Client: 7, Client Receive Time: 2.0800507627427578e-07

Client: 8
Receive Times:  [0.0, 0.0, 0.0, 0.0, 0.0, 0.0, 0.0, 0.0, 0.0, 0.0]

Client: 8, Client Receive Time: 2.9199873097240925e-07

Client: 9
Receive Times:  [0.0, 0.0, 0.0, 0.0, 0.0, 0.0, 0.0, 0.0, 0.0, 0.0]

Client: 9, Client Receive Time: 1.791006070561707e-06

Send Time of Group 1: 0.0

Receive Time of Group 0: 0.0

Client: 0, Client Deduplicate Time: 0.02038

Client: 1, Client Deduplicate Time: 0.02196

Client: 2, Client Deduplicate Time: 0.01878

Client: 3, Client Deduplicate Time: 0.02063

Client: 4, Client Deduplicate Time: 0.02037

Client: 5, Client Deduplicate Time: 0.02328

Client: 6, Client Deduplicate Time: 0.02143

Client: 7, Client Deduplicate Time: 0.02192

Client: 8, Client Deduplicate Time: 0.02392

Client: 9, Client Deduplicate Time: 0.02737


Total time for entire protocol: 31356.69038

Wall clock time
Start time:  2025-09-18 11:29:50.567238
End time:  2025-09-18 20:46:52.929184

Total data with duplicates:  655580
Total data without duplicates:  557160
